Archive member included to satisfy reference by file (symbol)

/Users/dichochiramotlou/Library/Application Support/Code/User/globalStorage/bmd.stm32-for-vscode/@xpack-dev-tools/arm-none-eabi-gcc/13.2.1-1.1.1/.content/bin/../lib/gcc/arm-none-eabi/13.2.1/../../../../arm-none-eabi/lib/thumb/v6-m/nofp/libc_nano.a(libc_a-atexit.o)
                              /Users/dichochiramotlou/Library/Application Support/Code/User/globalStorage/bmd.stm32-for-vscode/@xpack-dev-tools/arm-none-eabi-gcc/13.2.1-1.1.1/.content/bin/../lib/gcc/arm-none-eabi/13.2.1/../../../../arm-none-eabi/lib/thumb/v6-m/nofp/crt0.o (atexit)
/Users/dichochiramotlou/Library/Application Support/Code/User/globalStorage/bmd.stm32-for-vscode/@xpack-dev-tools/arm-none-eabi-gcc/13.2.1-1.1.1/.content/bin/../lib/gcc/arm-none-eabi/13.2.1/../../../../arm-none-eabi/lib/thumb/v6-m/nofp/libc_nano.a(libc_a-exit.o)
                              /Users/dichochiramotlou/Library/Application Support/Code/User/globalStorage/bmd.stm32-for-vscode/@xpack-dev-tools/arm-none-eabi-gcc/13.2.1-1.1.1/.content/bin/../lib/gcc/arm-none-eabi/13.2.1/../../../../arm-none-eabi/lib/thumb/v6-m/nofp/crt0.o (exit)
/Users/dichochiramotlou/Library/Application Support/Code/User/globalStorage/bmd.stm32-for-vscode/@xpack-dev-tools/arm-none-eabi-gcc/13.2.1-1.1.1/.content/bin/../lib/gcc/arm-none-eabi/13.2.1/../../../../arm-none-eabi/lib/thumb/v6-m/nofp/libc_nano.a(libc_a-sprintf.o)
                              build/main.o (sprintf)
/Users/dichochiramotlou/Library/Application Support/Code/User/globalStorage/bmd.stm32-for-vscode/@xpack-dev-tools/arm-none-eabi-gcc/13.2.1-1.1.1/.content/bin/../lib/gcc/arm-none-eabi/13.2.1/../../../../arm-none-eabi/lib/thumb/v6-m/nofp/libc_nano.a(libc_a-findfp.o)
                              /Users/dichochiramotlou/Library/Application Support/Code/User/globalStorage/bmd.stm32-for-vscode/@xpack-dev-tools/arm-none-eabi-gcc/13.2.1-1.1.1/.content/bin/../lib/gcc/arm-none-eabi/13.2.1/../../../../arm-none-eabi/lib/thumb/v6-m/nofp/libc_nano.a(libc_a-exit.o) (__stdio_exit_handler)
/Users/dichochiramotlou/Library/Application Support/Code/User/globalStorage/bmd.stm32-for-vscode/@xpack-dev-tools/arm-none-eabi-gcc/13.2.1-1.1.1/.content/bin/../lib/gcc/arm-none-eabi/13.2.1/../../../../arm-none-eabi/lib/thumb/v6-m/nofp/libc_nano.a(libc_a-fwalk.o)
                              /Users/dichochiramotlou/Library/Application Support/Code/User/globalStorage/bmd.stm32-for-vscode/@xpack-dev-tools/arm-none-eabi-gcc/13.2.1-1.1.1/.content/bin/../lib/gcc/arm-none-eabi/13.2.1/../../../../arm-none-eabi/lib/thumb/v6-m/nofp/libc_nano.a(libc_a-findfp.o) (_fwalk_sglue)
/Users/dichochiramotlou/Library/Application Support/Code/User/globalStorage/bmd.stm32-for-vscode/@xpack-dev-tools/arm-none-eabi-gcc/13.2.1-1.1.1/.content/bin/../lib/gcc/arm-none-eabi/13.2.1/../../../../arm-none-eabi/lib/thumb/v6-m/nofp/libc_nano.a(libc_a-memset.o)
                              /Users/dichochiramotlou/Library/Application Support/Code/User/globalStorage/bmd.stm32-for-vscode/@xpack-dev-tools/arm-none-eabi-gcc/13.2.1-1.1.1/.content/bin/../lib/gcc/arm-none-eabi/13.2.1/../../../../arm-none-eabi/lib/thumb/v6-m/nofp/crt0.o (memset)
/Users/dichochiramotlou/Library/Application Support/Code/User/globalStorage/bmd.stm32-for-vscode/@xpack-dev-tools/arm-none-eabi-gcc/13.2.1-1.1.1/.content/bin/../lib/gcc/arm-none-eabi/13.2.1/../../../../arm-none-eabi/lib/thumb/v6-m/nofp/libc_nano.a(libc_a-impure.o)
                              /Users/dichochiramotlou/Library/Application Support/Code/User/globalStorage/bmd.stm32-for-vscode/@xpack-dev-tools/arm-none-eabi-gcc/13.2.1-1.1.1/.content/bin/../lib/gcc/arm-none-eabi/13.2.1/../../../../arm-none-eabi/lib/thumb/v6-m/nofp/libc_nano.a(libc_a-sprintf.o) (_impure_ptr)
/Users/dichochiramotlou/Library/Application Support/Code/User/globalStorage/bmd.stm32-for-vscode/@xpack-dev-tools/arm-none-eabi-gcc/13.2.1-1.1.1/.content/bin/../lib/gcc/arm-none-eabi/13.2.1/../../../../arm-none-eabi/lib/thumb/v6-m/nofp/libc_nano.a(libc_a-init.o)
                              /Users/dichochiramotlou/Library/Application Support/Code/User/globalStorage/bmd.stm32-for-vscode/@xpack-dev-tools/arm-none-eabi-gcc/13.2.1-1.1.1/.content/bin/../lib/gcc/arm-none-eabi/13.2.1/../../../../arm-none-eabi/lib/thumb/v6-m/nofp/crt0.o (__libc_init_array)
/Users/dichochiramotlou/Library/Application Support/Code/User/globalStorage/bmd.stm32-for-vscode/@xpack-dev-tools/arm-none-eabi-gcc/13.2.1-1.1.1/.content/bin/../lib/gcc/arm-none-eabi/13.2.1/../../../../arm-none-eabi/lib/thumb/v6-m/nofp/libc_nano.a(libc_a-fini.o)
                              /Users/dichochiramotlou/Library/Application Support/Code/User/globalStorage/bmd.stm32-for-vscode/@xpack-dev-tools/arm-none-eabi-gcc/13.2.1-1.1.1/.content/bin/../lib/gcc/arm-none-eabi/13.2.1/../../../../arm-none-eabi/lib/thumb/v6-m/nofp/crt0.o (__libc_fini_array)
[...]
Memory Configuration

Name             Origin             Length             Attributes
RAM              0x20000000         0x00002000         xrw
FLASH            0x08000000         0x00008000         xr
*default*        0x00000000         0xffffffff

Linker script and memory map

LOAD /Users/dichochiramotlou/Library/Application Support/Code/User/globalStorage/bmd.stm32-for-vscode/@xpack-dev-tools/arm-none-eabi-gcc/13.2.1-1.1.1/.content/bin/../lib/gcc/arm-none-eabi/13.2.1/thumb/v6-m/nofp/crti.o
LOAD /Users/dichochiramotlou/Library/Application Support/Code/User/globalStorage/bmd.stm32-for-vscode/@xpack-dev-tools/arm-none-eabi-gcc/13.2.1-1.1.1/.content/bin/../lib/gcc/arm-none-eabi/13.2.1/thumb/v6-m/nofp/crtbegin.o
LOAD /Users/dichochiramotlou/Library/Application Support/Code/User/globalStorage/bmd.stm32-for-vscode/@xpack-dev-tools/arm-none-eabi-gcc/13.2.1-1.1.1/.content/bin/../lib/gcc/arm-none-eabi/13.2.1/../../../../arm-none-eabi/lib/thumb/v6-m/nofp/crt0.o
LOAD build/adc.o
LOAD build/gpio.o
LOAD build/main.o
LOAD build/stm32f0xx_hal_msp.o
LOAD build/stm32f0xx_it.o
LOAD build/system_stm32f0xx.o
LOAD build/stm32f0xx_hal.o
LOAD build/stm32f0xx_hal_adc.o
LOAD build/stm32f0xx_hal_adc_ex.o
LOAD build/stm32f0xx_hal_cortex.o
LOAD build/stm32f0xx_hal_dma.o
LOAD build/stm32f0xx_hal_exti.o
LOAD build/stm32f0xx_hal_flash.o
LOAD build/stm32f0xx_hal_flash_ex.o
LOAD build/stm32f0xx_hal_gpio.o
LOAD build/stm32f0xx_hal_i2c.o
LOAD build/stm32f0xx_hal_i2c_ex.o
LOAD build/stm32f0xx_hal_pwr.o
LOAD build/stm32f0xx_hal_pwr_ex.o
LOAD build/stm32f0xx_hal_rcc.o
LOAD build/stm32f0xx_hal_rcc_ex.o
LOAD build/stm32f0xx_hal_tim.o
LOAD build/stm32f0xx_hal_tim_ex.o
LOAD build/startup_stm32f051x8.o
LOAD /Users/dichochiramotlou/Library/Application Support/Code/User/globalStorage/bmd.stm32-for-vscode/@xpack-dev-tools/arm-none-eabi-gcc/13.2.1-1.1.1/.content/bin/../lib/gcc/arm-none-eabi/13.2.1/../../../../arm-none-eabi/lib/thumb/v6-m/nofp/libc_nano.a
LOAD /Users/dichochiramotlou/Library/Application Support/Code/User/globalStorage/bmd.stm32-for-vscode/@xpack-dev-tools/arm-none-eabi-gcc/13.2.1-1.1.1/.content/bin/../lib/gcc/arm-none-eabi/13.2.1/../../../../arm-none-eabi/lib/thumb/v6-m/nofp/libm.a
LOAD /Users/dichochiramotlou/Library/Application Support/Code/User/globalStorage/bmd.stm32-for-vscode/@xpack-dev-tools/arm-none-eabi-gcc/13.2.1-1.1.1/.content/bin/../lib/gcc/arm-none-eabi/13.2.1/../../../../arm-none-eabi/lib/thumb/v6-m/nofp/libnosys.a
START GROUP
LOAD /Users/dichochiramotlou/Library/Application Support/Code/User/globalStorage/bmd.stm32-for-vscode/@xpack-dev-tools/arm-none-eabi-gcc/13.2.1-1.1.1/.content/bin/../lib/gcc/arm-none-eabi/13.2.1/thumb/v6-m/nofp/libgcc.a
LOAD /Users/dichochiramotlou/Library/Application Support/Code/User/globalStorage/bmd.stm32-for-vscode/@xpack-dev-tools/arm-none-eabi-gcc/13.2.1-1.1.1/.content/bin/../lib/gcc/arm-none-eabi/13.2.1/../../../../arm-none-eabi/lib/thumb/v6-m/nofp/libc_nano.a
END GROUP
START GROUP
LOAD /Users/dichochiramotlou/Library/Application Support/Code/User/globalStorage/bmd.stm32-for-vscode/@xpack-dev-tools/arm-none-eabi-gcc/13.2.1-1.1.1/.content/bin/../lib/gcc/arm-none-eabi/13.2.1/thumb/v6-m/nofp/libgcc.a
LOAD /Users/dichochiramotlou/Library/Application Support/Code/User/globalStorage/bmd.stm32-for-vscode/@xpack-dev-tools/arm-none-eabi-gcc/13.2.1-1.1.1/.content/bin/../lib/gcc/arm-none-eabi/13.2.1/../../../../arm-none-eabi/lib/thumb/v6-m/nofp/libc_nano.a
END GROUP
LOAD /Users/dichochiramotlou/Library/Application Support/Code/User/globalStorage/bmd.stm32-for-vscode/@xpack-dev-tools/arm-none-eabi-gcc/13.2.1-1.1.1/.content/bin/../lib/gcc/arm-none-eabi/13.2.1/thumb/v6-m/nofp/crtend.o
LOAD /Users/dichochiramotlou/Library/Application Support/Code/User/globalStorage/bmd.stm32-for-vscode/@xpack-dev-tools/arm-none-eabi-gcc/13.2.1-1.1.1/.content/bin/../lib/gcc/arm-none-eabi/13.2.1/thumb/v6-m/nofp/crtn.o
                0x20002000                        _estack = (ORIGIN (RAM) + LENGTH (RAM))
                0x00000200                        _Min_Heap_Size = 0x200
                0x00000400                        _Min_Stack_Size = 0x400

.isr_vector     0x08000000       0xc0
                0x08000000                        . = ALIGN (0x4)
 *(.isr_vector)
 .isr_vector    0x08000000       0xc0 build/startup_stm32f051x8.o
                0x08000000                g_pfnVectors
                0x080000c0                        . = ALIGN (0x4)

.text           0x080000c0     0x20f8
                0x080000c0                        . = ALIGN (0x4)
 *(.text)
 .text          0x080000c0       0x14 /Users/dichochiramotlou/Library/Application Support/Code/User/globalStorage/bmd.stm32-for-vscode/@xpack-dev-tools/arm-none-eabi-gcc/13.2.1-1.1.1/.content/bin/../lib/gcc/arm-none-eabi/13.2.1/thumb/v6-m/nofp/libgcc.a(_thumb1_case_shi.o)
                0x080000c0                __gnu_thumb1_case_shi
 .text          0x080000d4      0x114 /Users/dichochiramotlou/Library/Application Support/Code/User/globalStorage/bmd.stm32-for-vscode/@xpack-dev-tools/arm-none-eabi-gcc/13.2.1-1.1.1/.content/bin/../lib/gcc/arm-none-eabi/13.2.1/thumb/v6-m/nofp/libgcc.a(_udivsi3.o)
                0x080000d4                __udivsi3
                0x080000d4                __aeabi_uidiv
                0x080001e0                __aeabi_uidivmod
 .text          0x080001e8        0x4 /Users/dichochiramotlou/Library/Application Support/Code/User/globalStorage/bmd.stm32-for-vscode/@xpack-dev-tools/arm-none-eabi-gcc/13.2.1-1.1.1/.content/bin/../lib/gcc/arm-none-eabi/13.2.1/thumb/v6-m/nofp/libgcc.a(_dvmd_tls.o)
                0x080001e8                __aeabi_ldiv0
                0x080001e8                __aeabi_idiv0
 *(.text*)
 .text.__do_global_dtors_aux
                0x080001ec       0x28 /Users/dichochiramotlou/Library/Application Support/Code/User/globalStorage/bmd.stm32-for-vscode/@xpack-dev-tools/arm-none-eabi-gcc/13.2.1-1.1.1/.content/bin/../lib/gcc/arm-none-eabi/13.2.1/thumb/v6-m/nofp/crtbegin.o
 .text.frame_dummy
                0x08000214       0x20 /Users/dichochiramotlou/Library/Application Support/Code/User/globalStorage/bmd.stm32-for-vscode/@xpack-dev-tools/arm-none-eabi-gcc/13.2.1-1.1.1/.content/bin/../lib/gcc/arm-none-eabi/13.2.1/thumb/v6-m/nofp/crtbegin.o
 .text.MX_ADC_Init
                0x08000234       0xa4 build/adc.o
                0x08000234                MX_ADC_Init
 .text.HAL_ADC_MspInit
                0x080002d8       0x60 build/adc.o
                0x080002d8                HAL_ADC_MspInit
 .text.MX_GPIO_Init
                0x08000338       0x64 build/gpio.o
                0x08000338                MX_GPIO_Init
 .text.delay    0x0800039c       0x20 build/main.o
                0x0800039c                delay
 .text.pulse_strobe
                0x080003bc       0x38 build/main.o
                0x080003bc                pulse_strobe
 .text.lcd_putchar
                0x080003f4      0x124 build/main.o
                0x080003f4                lcd_putchar
 .text.lcd_putstring
                0x08000518       0x18 build/main.o
                0x08000518                lcd_putstring
 .text.lcd_command
                0x08000530      0x130 build/main.o
                0x08000530                lcd_command
 .text.init_LCD
                0x08000660       0x80 build/main.o
                0x08000660                init_LCD
 .text.Error_Handler
                0x080006e0        0x4 build/main.o
                0x080006e0                Error_Handler
 .text.SystemClock_Config
                0x080006e4       0x56 build/main.o
                0x080006e4                SystemClock_Config
 *fill*         0x0800073a        0x2 
 .text.main     0x0800073c      0x1ac build/main.o
                0x0800073c                main
 .text.HAL_MspInit
                0x080008e8       0x30 build/stm32f0xx_hal_msp.o
                0x080008e8                HAL_MspInit
 .text.NMI_Handler
                0x08000918        0x2 build/stm32f0xx_it.o
                0x08000918                NMI_Handler
 .text.HardFault_Handler
                0x0800091a        0x2 build/stm32f0xx_it.o
                0x0800091a                HardFault_Handler
 .text.SVC_Handler
                0x0800091c        0x2 build/stm32f0xx_it.o
                0x0800091c                SVC_Handler
 .text.PendSV_Handler
                0x0800091e        0x2 build/stm32f0xx_it.o
                0x0800091e                PendSV_Handler
 .text.SysTick_Handler
                0x08000920        0x8 build/stm32f0xx_it.o
                0x08000920                SysTick_Handler
 .text.SystemInit
                0x08000928        0x2 build/system_stm32f0xx.o
                0x08000928                SystemInit
 *fill*         0x0800092a        0x2 
 .text.HAL_InitTick
                0x0800092c       0x50 build/stm32f0xx_hal.o
                0x0800092c                HAL_InitTick
 .text.HAL_Init
                0x0800097c       0x20 build/stm32f0xx_hal.o
                0x0800097c                HAL_Init
 .text.HAL_IncTick
                0x0800099c       0x18 build/stm32f0xx_hal.o
                0x0800099c                HAL_IncTick
 .text.HAL_GetTick
                0x080009b4        0xc build/stm32f0xx_hal.o
                0x080009b4                HAL_GetTick
 .text.HAL_Delay
                0x080009c0       0x24 build/stm32f0xx_hal.o
                0x080009c0                HAL_Delay
 .text.ADC_ConversionStop
                0x080009e4       0x5c build/stm32f0xx_hal_adc.o
 .text.ADC_Disable
                0x08000a40       0x88 build/stm32f0xx_hal_adc.o
 .text.ADC_Enable
                0x08000ac8       0xb0 build/stm32f0xx_hal_adc.o
 .text.HAL_ADC_Init
                0x08000b78      0x184 build/stm32f0xx_hal_adc.o
                0x08000b78                HAL_ADC_Init
 .text.HAL_ADC_Start
                0x08000cfc       0x60 build/stm32f0xx_hal_adc.o
                0x08000cfc                HAL_ADC_Start
 .text.HAL_ADC_Stop
                0x08000d5c       0x44 build/stm32f0xx_hal_adc.o
                0x08000d5c                HAL_ADC_Stop
 .text.HAL_ADC_PollForConversion
                0x08000da0       0xc8 build/stm32f0xx_hal_adc.o
                0x08000da0                HAL_ADC_PollForConversion
 .text.HAL_ADC_GetValue
                0x08000e68        0x6 build/stm32f0xx_hal_adc.o
                0x08000e68                HAL_ADC_GetValue
 *fill*         0x08000e6e        0x2 
 .text.HAL_ADC_ConfigChannel
                0x08000e70      0x138 build/stm32f0xx_hal_adc.o
                0x08000e70                HAL_ADC_ConfigChannel
 .text.__NVIC_SetPriority
                0x08000fa8       0x60 build/stm32f0xx_hal_cortex.o
 .text.SysTick_Config
                0x08001008       0x38 build/stm32f0xx_hal_cortex.o
 .text.HAL_NVIC_SetPriority
                0x08001040        0x8 build/stm32f0xx_hal_cortex.o
                0x08001040                HAL_NVIC_SetPriority
 .text.HAL_SYSTICK_Config
                0x08001048        0x8 build/stm32f0xx_hal_cortex.o
                0x08001048                HAL_SYSTICK_Config
 .text.HAL_GPIO_Init
                0x08001050      0x188 build/stm32f0xx_hal_gpio.o
                0x08001050                HAL_GPIO_Init
 .text.HAL_GPIO_WritePin
                0x080011d8        0xc build/stm32f0xx_hal_gpio.o
                0x080011d8                HAL_GPIO_WritePin
 .text.HAL_RCC_OscConfig
                0x080011e4      0x49c build/stm32f0xx_hal_rcc.o
                0x080011e4                HAL_RCC_OscConfig
 .text.HAL_RCC_GetSysClockFreq
                0x08001680       0x54 build/stm32f0xx_hal_rcc.o
                0x08001680                HAL_RCC_GetSysClockFreq
 .text.HAL_RCC_ClockConfig
                0x080016d4      0x134 build/stm32f0xx_hal_rcc.o
                0x080016d4                HAL_RCC_ClockConfig
 .text.Reset_Handler
                0x08001808       0x50 build/startup_stm32f051x8.o
                0x08001808                Reset_Handler
 .text.Default_Handler
                0x08001858        0x2 build/startup_stm32f051x8.o
                0x08001858                TIM1_BRK_UP_TRG_COM_IRQHandler
                0x08001858                TSC_IRQHandler
                0x08001858                ADC1_COMP_IRQHandler
                0x08001858                PVD_IRQHandler
                0x08001858                I2C1_IRQHandler
                0x08001858                RCC_CRS_IRQHandler
                0x08001858                SPI1_IRQHandler
                0x08001858                TIM6_DAC_IRQHandler
                0x08001858                EXTI2_3_IRQHandler
                0x08001858                I2C2_IRQHandler
                0x08001858                TIM17_IRQHandler
                0x08001858                CEC_CAN_IRQHandler
                0x08001858                RTC_IRQHandler
                0x08001858                TIM16_IRQHandler
                0x08001858                TIM3_IRQHandler
                0x08001858                EXTI4_15_IRQHandler
                0x08001858                DMA1_Channel1_IRQHandler
                0x08001858                Default_Handler
                0x08001858                TIM14_IRQHandler
                0x08001858                DMA1_Channel4_5_IRQHandler
                0x08001858                TIM15_IRQHandler
                0x08001858                EXTI0_1_IRQHandler
                0x08001858                SPI2_IRQHandler
                0x08001858                WWDG_IRQHandler
                0x08001858                TIM2_IRQHandler
                0x08001858                DMA1_Channel2_3_IRQHandler
                0x08001858                USART2_IRQHandler
                0x08001858                FLASH_IRQHandler
                0x08001858                USART1_IRQHandler
                0x08001858                TIM1_CC_IRQHandler
 *fill*         0x0800185a        0x2 
 .text.sprintf  0x0800185c       0x40 /Users/dichochiramotlou/Library/Application Support/Code/User/globalStorage/bmd.stm32-for-vscode/@xpack-dev-tools/arm-none-eabi-gcc/13.2.1-1.1.1/.content/bin/../lib/gcc/arm-none-eabi/13.2.1/../../../../arm-none-eabi/lib/thumb/v6-m/nofp/libc_nano.a(libc_a-sprintf.o)
                0x0800185c                sprintf
                0x0800185c                siprintf
 .text.memset   0x0800189c       0x10 /Users/dichochiramotlou/Library/Application Support/Code/User/globalStorage/bmd.stm32-for-vscode/@xpack-dev-tools/arm-none-eabi-gcc/13.2.1-1.1.1/.content/bin/../lib/gcc/arm-none-eabi/13.2.1/../../../../arm-none-eabi/lib/thumb/v6-m/nofp/libc_nano.a(libc_a-memset.o)
                0x0800189c                memset
 .text.__libc_init_array
                0x080018ac       0x48 /Users/dichochiramotlou/Library/Application Support/Code/User/globalStorage/bmd.stm32-for-vscode/@xpack-dev-tools/arm-none-eabi-gcc/13.2.1-1.1.1/.content/bin/../lib/gcc/arm-none-eabi/13.2.1/../../../../arm-none-eabi/lib/thumb/v6-m/nofp/libc_nano.a(libc_a-init.o)
                0x080018ac                __libc_init_array
 .text.__retarget_lock_acquire_recursive
                0x080018f4        0x2 /Users/dichochiramotlou/Library/Application Support/Code/User/globalStorage/bmd.stm32-for-vscode/@xpack-dev-tools/arm-none-eabi-gcc/13.2.1-1.1.1/.content/bin/../lib/gcc/arm-none-eabi/13.2.1/../../../../arm-none-eabi/lib/thumb/v6-m/nofp/libc_nano.a(libc_a-lock.o)
                0x080018f4                __retarget_lock_acquire_recursive
 .text.__retarget_lock_release_recursive
                0x080018f6        0x2 /Users/dichochiramotlou/Library/Application Support/Code/User/globalStorage/bmd.stm32-for-vscode/@xpack-dev-tools/arm-none-eabi-gcc/13.2.1-1.1.1/.content/bin/../lib/gcc/arm-none-eabi/13.2.1/../../../../arm-none-eabi/lib/thumb/v6-m/nofp/libc_nano.a(libc_a-lock.o)
                0x080018f6                __retarget_lock_release_recursive
 .text.__ssputs_r
                0x080018f8       0xc0 /Users/dichochiramotlou/Library/Application Support/Code/User/globalStorage/bmd.stm32-for-vscode/@xpack-dev-tools/arm-none-eabi-gcc/13.2.1-1.1.1/.content/bin/../lib/gcc/arm-none-eabi/13.2.1/../../../../arm-none-eabi/lib/thumb/v6-m/nofp/libc_nano.a(libc_a-nano-svfprintf.o)
                0x080018f8                __ssputs_r
 .text._svfprintf_r
                0x080019b8      0x1fc /Users/dichochiramotlou/Library/Application Support/Code/User/globalStorage/bmd.stm32-for-vscode/@xpack-dev-tools/arm-none-eabi-gcc/13.2.1-1.1.1/.content/bin/../lib/gcc/arm-none-eabi/13.2.1/../../../../arm-none-eabi/lib/thumb/v6-m/nofp/libc_nano.a(libc_a-nano-svfprintf.o)
                0x080019b8                _svfprintf_r
                0x080019b8                _svfiprintf_r
 .text.sbrk_aligned
                0x08001bb4       0x44 /Users/dichochiramotlou/Library/Application Support/Code/User/globalStorage/bmd.stm32-for-vscode/@xpack-dev-tools/arm-none-eabi-gcc/13.2.1-1.1.1/.content/bin/../lib/gcc/arm-none-eabi/13.2.1/../../../../arm-none-eabi/lib/thumb/v6-m/nofp/libc_nano.a(libc_a-mallocr.o)
 .text._malloc_r
                0x08001bf8      0x100 /Users/dichochiramotlou/Library/Application Support/Code/User/globalStorage/bmd.stm32-for-vscode/@xpack-dev-tools/arm-none-eabi-gcc/13.2.1-1.1.1/.content/bin/../lib/gcc/arm-none-eabi/13.2.1/../../../../arm-none-eabi/lib/thumb/v6-m/nofp/libc_nano.a(libc_a-mallocr.o)
                0x08001bf8                _malloc_r
 .text._printf_common
                0x08001cf8       0xde /Users/dichochiramotlou/Library/Application Support/Code/User/globalStorage/bmd.stm32-for-vscode/@xpack-dev-tools/arm-none-eabi-gcc/13.2.1-1.1.1/.content/bin/../lib/gcc/arm-none-eabi/13.2.1/../../../../arm-none-eabi/lib/thumb/v6-m/nofp/libc_nano.a(libc_a-nano-vfprintf_i.o)
                0x08001cf8                _printf_common
 *fill*         0x08001dd6        0x2 
 .text._printf_i
                0x08001dd8      0x218 /Users/dichochiramotlou/Library/Application Support/Code/User/globalStorage/bmd.stm32-for-vscode/@xpack-dev-tools/arm-none-eabi-gcc/13.2.1-1.1.1/.content/bin/../lib/gcc/arm-none-eabi/13.2.1/../../../../arm-none-eabi/lib/thumb/v6-m/nofp/libc_nano.a(libc_a-nano-vfprintf_i.o)
                0x08001dd8                _printf_i
 .text.__malloc_lock
                0x08001ff0       0x10 /Users/dichochiramotlou/Library/Application Support/Code/User/globalStorage/bmd.stm32-for-vscode/@xpack-dev-tools/arm-none-eabi-gcc/13.2.1-1.1.1/.content/bin/../lib/gcc/arm-none-eabi/13.2.1/../../../../arm-none-eabi/lib/thumb/v6-m/nofp/libc_nano.a(libc_a-mlock.o)
                0x08001ff0                __malloc_lock
 .text.__malloc_unlock
                0x08002000       0x10 /Users/dichochiramotlou/Library/Application Support/Code/User/globalStorage/bmd.stm32-for-vscode/@xpack-dev-tools/arm-none-eabi-gcc/13.2.1-1.1.1/.content/bin/../lib/gcc/arm-none-eabi/13.2.1/../../../../arm-none-eabi/lib/thumb/v6-m/nofp/libc_nano.a(libc_a-mlock.o)
                0x08002000                __malloc_unlock
 .text._realloc_r
                0x08002010       0x60 /Users/dichochiramotlou/Library/Application Support/Code/User/globalStorage/bmd.stm32-for-vscode/@xpack-dev-tools/arm-none-eabi-gcc/13.2.1-1.1.1/.content/bin/../lib/gcc/arm-none-eabi/13.2.1/../../../../arm-none-eabi/lib/thumb/v6-m/nofp/libc_nano.a(libc_a-reallocr.o)
                0x08002010                _realloc_r
 .text.memmove  0x08002070       0x24 /Users/dichochiramotlou/Library/Application Support/Code/User/globalStorage/bmd.stm32-for-vscode/@xpack-dev-tools/arm-none-eabi-gcc/13.2.1-1.1.1/.content/bin/../lib/gcc/arm-none-eabi/13.2.1/../../../../arm-none-eabi/lib/thumb/v6-m/nofp/libc_nano.a(libc_a-memmove.o)
                0x08002070                memmove
 .text._sbrk_r  0x08002094       0x24 /Users/dichochiramotlou/Library/Application Support/Code/User/globalStorage/bmd.stm32-for-vscode/@xpack-dev-tools/arm-none-eabi-gcc/13.2.1-1.1.1/.content/bin/../lib/gcc/arm-none-eabi/13.2.1/../../../../arm-none-eabi/lib/thumb/v6-m/nofp/libc_nano.a(libc_a-sbrkr.o)
                0x08002094                _sbrk_r
 .text.memchr   0x080020b8       0x16 /Users/dichochiramotlou/Library/Application Support/Code/User/globalStorage/bmd.stm32-for-vscode/@xpack-dev-tools/arm-none-eabi-gcc/13.2.1-1.1.1/.content/bin/../lib/gcc/arm-none-eabi/13.2.1/../../../../arm-none-eabi/lib/thumb/v6-m/nofp/libc_nano.a(libc_a-memchr-stub.o)
                0x080020b8                memchr
 .text.memcpy   0x080020ce       0x12 /Users/dichochiramotlou/Library/Application Support/Code/User/globalStorage/bmd.stm32-for-vscode/@xpack-dev-tools/arm-none-eabi-gcc/13.2.1-1.1.1/.content/bin/../lib/gcc/arm-none-eabi/13.2.1/../../../../arm-none-eabi/lib/thumb/v6-m/nofp/libc_nano.a(libc_a-memcpy-stub.o)
                0x080020ce                memcpy
 .text._free_r  0x080020e0       0x94 /Users/dichochiramotlou/Library/Application Support/Code/User/globalStorage/bmd.stm32-for-vscode/@xpack-dev-tools/arm-none-eabi-gcc/13.2.1-1.1.1/.content/bin/../lib/gcc/arm-none-eabi/13.2.1/../../../../arm-none-eabi/lib/thumb/v6-m/nofp/libc_nano.a(libc_a-freer.o)
                0x080020e0                _free_r
 .text._malloc_usable_size_r
                0x08002174       0x10 /Users/dichochiramotlou/Library/Application Support/Code/User/globalStorage/bmd.stm32-for-vscode/@xpack-dev-tools/arm-none-eabi-gcc/13.2.1-1.1.1/.content/bin/../lib/gcc/arm-none-eabi/13.2.1/../../../../arm-none-eabi/lib/thumb/v6-m/nofp/libc_nano.a(libc_a-msizer.o)
                0x08002174                _malloc_usable_size_r
 .text._sbrk    0x08002184       0x1c /Users/dichochiramotlou/Library/Application Support/Code/User/globalStorage/bmd.stm32-for-vscode/@xpack-dev-tools/arm-none-eabi-gcc/13.2.1-1.1.1/.content/bin/../lib/gcc/arm-none-eabi/13.2.1/../../../../arm-none-eabi/lib/thumb/v6-m/nofp/libnosys.a(sbrk.o)
                0x08002184                _sbrk
 *(.glue_7)
 .glue_7        0x080021a0        0x0 linker stubs
 *(.glue_7t)
 .glue_7t       0x080021a0        0x0 linker stubs
 *(.eh_frame)
 .eh_frame      0x080021a0        0x0 /Users/dichochiramotlou/Library/Application Support/Code/User/globalStorage/bmd.stm32-for-vscode/@xpack-dev-tools/arm-none-eabi-gcc/13.2.1-1.1.1/.content/bin/../lib/gcc/arm-none-eabi/13.2.1/thumb/v6-m/nofp/crtbegin.o
 *(.init)
 .init          0x080021a0        0x4 /Users/dichochiramotlou/Library/Application Support/Code/User/globalStorage/bmd.stm32-for-vscode/@xpack-dev-tools/arm-none-eabi-gcc/13.2.1-1.1.1/.content/bin/../lib/gcc/arm-none-eabi/13.2.1/thumb/v6-m/nofp/crti.o
                0x080021a0                _init
 .init          0x080021a4        0x8 /Users/dichochiramotlou/Library/Application Support/Code/User/globalStorage/bmd.stm32-for-vscode/@xpack-dev-tools/arm-none-eabi-gcc/13.2.1-1.1.1/.content/bin/../lib/gcc/arm-none-eabi/13.2.1/thumb/v6-m/nofp/crtn.o
 *(.fini)
 .fini          0x080021ac        0x4 /Users/dichochiramotlou/Library/Application Support/Code/User/globalStorage/bmd.stm32-for-vscode/@xpack-dev-tools/arm-none-eabi-gcc/13.2.1-1.1.1/.content/bin/../lib/gcc/arm-none-eabi/13.2.1/thumb/v6-m/nofp/crti.o
                0x080021ac                _fini
 .fini          0x080021b0        0x8 /Users/dichochiramotlou/Library/Application Support/Code/User/globalStorage/bmd.stm32-for-vscode/@xpack-dev-tools/arm-none-eabi-gcc/13.2.1-1.1.1/.content/bin/../lib/gcc/arm-none-eabi/13.2.1/thumb/v6-m/nofp/crtn.o
                0x080021b8                        . = ALIGN (0x4)
                0x080021b8                        _etext = .

.vfp11_veneer   0x080021b8        0x0
 .vfp11_veneer  0x080021b8        0x0 linker stubs

.v4_bx          0x080021b8        0x0
 .v4_bx         0x080021b8        0x0 linker stubs

.iplt           0x080021b8        0x0
 .iplt          0x080021b8        0x0 /Users/dichochiramotlou/Library/Application Support/Code/User/globalStorage/bmd.stm32-for-vscode/@xpack-dev-tools/arm-none-eabi-gcc/13.2.1-1.1.1/.content/bin/../lib/gcc/arm-none-eabi/13.2.1/thumb/v6-m/nofp/crtbegin.o

.rodata         0x080021b8       0x7c
                0x080021b8                        . = ALIGN (0x4)
 *(.rodata)
 *(.rodata*)
 .rodata.main.str1.4
                0x080021b8       0x18 build/main.o
                                 0x14 (size before relaxing)
 .rodata.AHBPrescTable
                0x080021d0       0x10 build/system_stm32f0xx.o
                0x080021d0                AHBPrescTable
 .rodata.aPredivFactorTable.0
                0x080021e0       0x10 build/stm32f0xx_hal_rcc.o
 .rodata.aPLLMULFactorTable.1
                0x080021f0       0x10 build/stm32f0xx_hal_rcc.o
 .rodata._svfprintf_r.str1.1
                0x08002200       0x33 /Users/dichochiramotlou/Library/Application Support/Code/User/globalStorage/bmd.stm32-for-vscode/@xpack-dev-tools/arm-none-eabi-gcc/13.2.1-1.1.1/.content/bin/../lib/gcc/arm-none-eabi/13.2.1/../../../../arm-none-eabi/lib/thumb/v6-m/nofp/libc_nano.a(libc_a-nano-svfprintf.o)
                                 0x11 (size before relaxing)
 .rodata._printf_i.str1.1
                0x08002233       0x22 /Users/dichochiramotlou/Library/Application Support/Code/User/globalStorage/bmd.stm32-for-vscode/@xpack-dev-tools/arm-none-eabi-gcc/13.2.1-1.1.1/.content/bin/../lib/gcc/arm-none-eabi/13.2.1/../../../../arm-none-eabi/lib/thumb/v6-m/nofp/libc_nano.a(libc_a-nano-vfprintf_i.o)
                0x08002258                        . = ALIGN (0x4)
 *fill*         0x08002233        0x1 

.rel.dyn        0x08002234        0x0
 .rel.iplt      0x08002234        0x0 /Users/dichochiramotlou/Library/Application Support/Code/User/globalStorage/bmd.stm32-for-vscode/@xpack-dev-tools/arm-none-eabi-gcc/13.2.1-1.1.1/.content/bin/../lib/gcc/arm-none-eabi/13.2.1/thumb/v6-m/nofp/crtbegin.o

.ARM.extab
 *(.ARM.extab* .gnu.linkonce.armextab.*)

.ARM            0x08002234        0x0
                0x08002234                        __exidx_start = .
 *(.ARM.exidx*)
                0x08002234                        __exidx_end = .

.preinit_array  0x08002234        0x0
                0x08002234                        PROVIDE (__preinit_array_start = .)
 *(.preinit_array*)
                0x08002234                        PROVIDE (__preinit_array_end = .)

.init_array     0x08002234        0x4
                0x08002234                        PROVIDE (__init_array_start = .)
 *(SORT_BY_NAME(.init_array.*))
 *(.init_array*)
 .init_array    0x08002234        0x4 /Users/dichochiramotlou/Library/Application Support/Code/User/globalStorage/bmd.stm32-for-vscode/@xpack-dev-tools/arm-none-eabi-gcc/13.2.1-1.1.1/.content/bin/../lib/gcc/arm-none-eabi/13.2.1/thumb/v6-m/nofp/crtbegin.o
                0x08002238                        PROVIDE (__init_array_end = .)

.fini_array     0x08002238        0x4
                0x08002238                        PROVIDE (__fini_array_start = .)
 *(SORT_BY_NAME(.fini_array.*))
 *(.fini_array*)
 .fini_array    0x08002238        0x4 /Users/dichochiramotlou/Library/Application Support/Code/User/globalStorage/bmd.stm32-for-vscode/@xpack-dev-tools/arm-none-eabi-gcc/13.2.1-1.1.1/.content/bin/../lib/gcc/arm-none-eabi/13.2.1/thumb/v6-m/nofp/crtbegin.o
                0x0800223c                        PROVIDE (__fini_array_end = .)
                0x0800223c                        _sidata = LOADADDR (.data)

.data           0x20000000       0x5c load address 0x0800223c
                0x20000000                        . = ALIGN (0x4)
                0x20000000                        _sdata = .
 *(.data)
 *(.data*)
 .data.SystemCoreClock
                0x20000000        0x4 build/system_stm32f0xx.o
                0x20000000                SystemCoreClock
 .data.uwTickFreq
                0x20000004        0x1 build/stm32f0xx_hal.o
                0x20000004                uwTickFreq
 *fill*         0x20000005        0x3 
 .data.uwTickPrio
                0x20000008        0x4 build/stm32f0xx_hal.o
                0x20000008                uwTickPrio
 .data._impure_ptr
                0x2000000c        0x4 /Users/dichochiramotlou/Library/Application Support/Code/User/globalStorage/bmd.stm32-for-vscode/@xpack-dev-tools/arm-none-eabi-gcc/13.2.1-1.1.1/.content/bin/../lib/gcc/arm-none-eabi/13.2.1/../../../../arm-none-eabi/lib/thumb/v6-m/nofp/libc_nano.a(libc_a-impure.o)
                0x2000000c                _impure_ptr
 .data._impure_data
                0x20000010       0x4c /Users/dichochiramotlou/Library/Application Support/Code/User/globalStorage/bmd.stm32-for-vscode/@xpack-dev-tools/arm-none-eabi-gcc/13.2.1-1.1.1/.content/bin/../lib/gcc/arm-none-eabi/13.2.1/../../../../arm-none-eabi/lib/thumb/v6-m/nofp/libc_nano.a(libc_a-impure.o)
                0x20000010                _impure_data
                0x2000005c                        . = ALIGN (0x4)
                0x2000005c                        _edata = .

.igot.plt       0x2000005c        0x0 load address 0x08002298
 .igot.plt      0x2000005c        0x0 /Users/dichochiramotlou/Library/Application Support/Code/User/globalStorage/bmd.stm32-for-vscode/@xpack-dev-tools/arm-none-eabi-gcc/13.2.1-1.1.1/.content/bin/../lib/gcc/arm-none-eabi/13.2.1/thumb/v6-m/nofp/crtbegin.o
                0x2000005c                        . = ALIGN (0x4)

.bss            0x2000005c      0x1b4 load address 0x08002298
                0x2000005c                        _sbss = .
                0x2000005c                        __bss_start__ = _sbss
 *(.bss)
 *(.bss*)
 .bss.completed.1
                0x2000005c        0x1 /Users/dichochiramotlou/Library/Application Support/Code/User/globalStorage/bmd.stm32-for-vscode/@xpack-dev-tools/arm-none-eabi-gcc/13.2.1-1.1.1/.content/bin/../lib/gcc/arm-none-eabi/13.2.1/thumb/v6-m/nofp/crtbegin.o
 *fill*         0x2000005d        0x3 
 .bss.object.0  0x20000060       0x18 /Users/dichochiramotlou/Library/Application Support/Code/User/globalStorage/bmd.stm32-for-vscode/@xpack-dev-tools/arm-none-eabi-gcc/13.2.1-1.1.1/.content/bin/../lib/gcc/arm-none-eabi/13.2.1/thumb/v6-m/nofp/crtbegin.o
 .bss.hadc      0x20000078       0x40 build/adc.o
                0x20000078                hadc
 .bss.adc_value2
                0x200000b8        0x2 build/main.o
                0x200000b8                adc_value2
 .bss.adc_value1
                0x200000ba        0x2 build/main.o
                0x200000ba                adc_value1
 .bss.adc_value
                0x200000bc        0x2 build/main.o
                0x200000bc                adc_value
 *fill*         0x200000be        0x2 
 .bss.uwTick    0x200000c0        0x4 build/stm32f0xx_hal.o
                0x200000c0                uwTick
 .bss.__sf      0x200000c4      0x138 /Users/dichochiramotlou/Library/Application Support/Code/User/globalStorage/bmd.stm32-for-vscode/@xpack-dev-tools/arm-none-eabi-gcc/13.2.1-1.1.1/.content/bin/../lib/gcc/arm-none-eabi/13.2.1/../../../../arm-none-eabi/lib/thumb/v6-m/nofp/libc_nano.a(libc_a-findfp.o)
                0x200000c4                __sf
 .bss.__lock___malloc_recursive_mutex
                0x200001fc        0x1 /Users/dichochiramotlou/Library/Application Support/Code/User/globalStorage/bmd.stm32-for-vscode/@xpack-dev-tools/arm-none-eabi-gcc/13.2.1-1.1.1/.content/bin/../lib/gcc/arm-none-eabi/13.2.1/../../../../arm-none-eabi/lib/thumb/v6-m/nofp/libc_nano.a(libc_a-lock.o)
                0x200001fc                __lock___malloc_recursive_mutex
 *fill*         0x200001fd        0x3 
 .bss.__malloc_sbrk_start
                0x20000200        0x4 /Users/dichochiramotlou/Library/Application Support/Code/User/globalStorage/bmd.stm32-for-vscode/@xpack-dev-tools/arm-none-eabi-gcc/13.2.1-1.1.1/.content/bin/../lib/gcc/arm-none-eabi/13.2.1/../../../../arm-none-eabi/lib/thumb/v6-m/nofp/libc_nano.a(libc_a-mallocr.o)
                0x20000200                __malloc_sbrk_start
 .bss.__malloc_free_list
                0x20000204        0x4 /Users/dichochiramotlou/Library/Application Support/Code/User/globalStorage/bmd.stm32-for-vscode/@xpack-dev-tools/arm-none-eabi-gcc/13.2.1-1.1.1/.content/bin/../lib/gcc/arm-none-eabi/13.2.1/../../../../arm-none-eabi/lib/thumb/v6-m/nofp/libc_nano.a(libc_a-mallocr.o)
                0x20000204                __malloc_free_list
 .bss.errno     0x20000208        0x4 /Users/dichochiramotlou/Library/Application Support/Code/User/globalStorage/bmd.stm32-for-vscode/@xpack-dev-tools/arm-none-eabi-gcc/13.2.1-1.1.1/.content/bin/../lib/gcc/arm-none-eabi/13.2.1/../../../../arm-none-eabi/lib/thumb/v6-m/nofp/libc_nano.a(libc_a-reent.o)
                0x20000208                errno
 .bss.heap_end.0
                0x2000020c        0x4 /Users/dichochiramotlou/Library/Application Support/Code/User/globalStorage/bmd.stm32-for-vscode/@xpack-dev-tools/arm-none-eabi-gcc/13.2.1-1.1.1/.content/bin/../lib/gcc/arm-none-eabi/13.2.1/../../../../arm-none-eabi/lib/thumb/v6-m/nofp/libnosys.a(sbrk.o)
 *(COMMON)
                0x20000210                        . = ALIGN (0x4)
                0x20000210                        _ebss = .
                0x20000210                        __bss_end__ = _ebss

._user_heap_stack
                0x20000210      0x600 load address 0x08002298
                0x20000210                        . = ALIGN (0x8)
                0x20000210                        PROVIDE (end = .)
                [!provide]                        PROVIDE (_end = .)
                0x20000410                        . = (. + _Min_Heap_Size)
 *fill*         0x20000210      0x200 
                0x20000810                        . = (. + _Min_Stack_Size)
 *fill*         0x20000410      0x400 
                0x20000810                        . = ALIGN (0x8)

/DISCARD/
 libc.a(*)
 libm.a(*)
 libgcc.a(*)

.ARM.attributes
                0x00000000       0x28
 *(.ARM.attributes)
 .ARM.attributes
                0x00000000       0x1e /Users/dichochiramotlou/Library/Application Support/Code/User/globalStorage/bmd.stm32-for-vscode/@xpack-dev-tools/arm-none-eabi-gcc/13.2.1-1.1.1/.content/bin/../lib/gcc/arm-none-eabi/13.2.1/thumb/v6-m/nofp/crti.o
 .ARM.attributes
                0x0000001e       0x2c /Users/dichochiramotlou/Library/Application Support/Code/User/globalStorage/bmd.stm32-for-vscode/@xpack-dev-tools/arm-none-eabi-gcc/13.2.1-1.1.1/.content/bin/../lib/gcc/arm-none-eabi/13.2.1/thumb/v6-m/nofp/crtbegin.o
 .ARM.attributes
                0x0000004a       0x2c build/adc.o
 .ARM.attributes
                0x00000076       0x2c build/gpio.o
 .ARM.attributes
                0x000000a2       0x2c build/main.o
 .ARM.attributes
                0x000000ce       0x2c build/stm32f0xx_hal_msp.o
 .ARM.attributes
                0x000000fa       0x2c build/stm32f0xx_it.o
 .ARM.attributes
                0x00000126       0x2c build/system_stm32f0xx.o
 .ARM.attributes
                0x00000152       0x2c build/stm32f0xx_hal.o
 .ARM.attributes
                0x0000017e       0x2c build/stm32f0xx_hal_adc.o
 .ARM.attributes
                0x000001aa       0x2c build/stm32f0xx_hal_cortex.o
 .ARM.attributes
                0x000001d6       0x2c build/stm32f0xx_hal_gpio.o
 .ARM.attributes
                0x00000202       0x2c build/stm32f0xx_hal_rcc.o
 .ARM.attributes
                0x0000022e       0x21 build/startup_stm32f051x8.o
 .ARM.attributes
                0x0000024f       0x2c /Users/dichochiramotlou/Library/Application Support/Code/User/globalStorage/bmd.stm32-for-vscode/@xpack-dev-tools/arm-none-eabi-gcc/13.2.1-1.1.1/.content/bin/../lib/gcc/arm-none-eabi/13.2.1/../../../../arm-none-eabi/lib/thumb/v6-m/nofp/libc_nano.a(libc_a-sprintf.o)
 .ARM.attributes
                0x0000027b       0x2c /Users/dichochiramotlou/Library/Application Support/Code/User/globalStorage/bmd.stm32-for-vscode/@xpack-dev-tools/arm-none-eabi-gcc/13.2.1-1.1.1/.content/bin/../lib/gcc/arm-none-eabi/13.2.1/../../../../arm-none-eabi/lib/thumb/v6-m/nofp/libc_nano.a(libc_a-findfp.o)
 .ARM.attributes
                0x000002a7       0x2c /Users/dichochiramotlou/Library/Application Support/Code/User/globalStorage/bmd.stm32-for-vscode/@xpack-dev-tools/arm-none-eabi-gcc/13.2.1-1.1.1/.content/bin/../lib/gcc/arm-none-eabi/13.2.1/../../../../arm-none-eabi/lib/thumb/v6-m/nofp/libc_nano.a(libc_a-memset.o)
 .ARM.attributes
                0x000002d3       0x2c /Users/dichochiramotlou/Library/Application Support/Code/User/globalStorage/bmd.stm32-for-vscode/@xpack-dev-tools/arm-none-eabi-gcc/13.2.1-1.1.1/.content/bin/../lib/gcc/arm-none-eabi/13.2.1/../../../../arm-none-eabi/lib/thumb/v6-m/nofp/libc_nano.a(libc_a-impure.o)
 .ARM.attributes
                0x000002ff       0x2c /Users/dichochiramotlou/Library/Application Support/Code/User/globalStorage/bmd.stm32-for-vscode/@xpack-dev-tools/arm-none-eabi-gcc/13.2.1-1.1.1/.content/bin/../lib/gcc/arm-none-eabi/13.2.1/../../../../arm-none-eabi/lib/thumb/v6-m/nofp/libc_nano.a(libc_a-init.o)
 .ARM.attributes
                0x0000032b       0x2c /Users/dichochiramotlou/Library/Application Support/Code/User/globalStorage/bmd.stm32-for-vscode/@xpack-dev-tools/arm-none-eabi-gcc/13.2.1-1.1.1/.content/bin/../lib/gcc/arm-none-eabi/13.2.1/../../../../arm-none-eabi/lib/thumb/v6-m/nofp/libc_nano.a(libc_a-lock.o)
 .ARM.attributes
                0x00000357       0x2c /Users/dichochiramotlou/Library/Application Support/Code/User/globalStorage/bmd.stm32-for-vscode/@xpack-dev-tools/arm-none-eabi-gcc/13.2.1-1.1.1/.content/bin/../lib/gcc/arm-none-eabi/13.2.1/../../../../arm-none-eabi/lib/thumb/v6-m/nofp/libc_nano.a(libc_a-nano-svfprintf.o)
 .ARM.attributes
                0x00000383       0x2c /Users/dichochiramotlou/Library/Application Support/Code/User/globalStorage/bmd.stm32-for-vscode/@xpack-dev-tools/arm-none-eabi-gcc/13.2.1-1.1.1/.content/bin/../lib/gcc/arm-none-eabi/13.2.1/../../../../arm-none-eabi/lib/thumb/v6-m/nofp/libc_nano.a(libc_a-mallocr.o)
 .ARM.attributes
                0x000003af       0x2c /Users/dichochiramotlou/Library/Application Support/Code/User/globalStorage/bmd.stm32-for-vscode/@xpack-dev-tools/arm-none-eabi-gcc/13.2.1-1.1.1/.content/bin/../lib/gcc/arm-none-eabi/13.2.1/../../../../arm-none-eabi/lib/thumb/v6-m/nofp/libc_nano.a(libc_a-nano-vfprintf_i.o)
 .ARM.attributes
                0x000003db       0x2c /Users/dichochiramotlou/Library/Application Support/Code/User/globalStorage/bmd.stm32-for-vscode/@xpack-dev-tools/arm-none-eabi-gcc/13.2.1-1.1.1/.content/bin/../lib/gcc/arm-none-eabi/13.2.1/../../../../arm-none-eabi/lib/thumb/v6-m/nofp/libc_nano.a(libc_a-mlock.o)
 .ARM.attributes
                0x00000407       0x2c /Users/dichochiramotlou/Library/Application Support/Code/User/globalStorage/bmd.stm32-for-vscode/@xpack-dev-tools/arm-none-eabi-gcc/13.2.1-1.1.1/.content/bin/../lib/gcc/arm-none-eabi/13.2.1/../../../../arm-none-eabi/lib/thumb/v6-m/nofp/libc_nano.a(libc_a-reallocr.o)
 .ARM.attributes
                0x00000433       0x2c /Users/dichochiramotlou/Library/Application Support/Code/User/globalStorage/bmd.stm32-for-vscode/@xpack-dev-tools/arm-none-eabi-gcc/13.2.1-1.1.1/.content/bin/../lib/gcc/arm-none-eabi/13.2.1/../../../../arm-none-eabi/lib/thumb/v6-m/nofp/libc_nano.a(libc_a-memmove.o)
 .ARM.attributes
                0x0000045f       0x2c /Users/dichochiramotlou/Library/Application Support/Code/User/globalStorage/bmd.stm32-for-vscode/@xpack-dev-tools/arm-none-eabi-gcc/13.2.1-1.1.1/.content/bin/../lib/gcc/arm-none-eabi/13.2.1/../../../../arm-none-eabi/lib/thumb/v6-m/nofp/libc_nano.a(libc_a-reent.o)
 .ARM.attributes
                0x0000048b       0x2c /Users/dichochiramotlou/Library/Application Support/Code/User/globalStorage/bmd.stm32-for-vscode/@xpack-dev-tools/arm-none-eabi-gcc/13.2.1-1.1.1/.content/bin/../lib/gcc/arm-none-eabi/13.2.1/../../../../arm-none-eabi/lib/thumb/v6-m/nofp/libc_nano.a(libc_a-sbrkr.o)
 .ARM.attributes
                0x000004b7       0x2c /Users/dichochiramotlou/Library/Application Support/Code/User/globalStorage/bmd.stm32-for-vscode/@xpack-dev-tools/arm-none-eabi-gcc/13.2.1-1.1.1/.content/bin/../lib/gcc/arm-none-eabi/13.2.1/../../../../arm-none-eabi/lib/thumb/v6-m/nofp/libc_nano.a(libc_a-memchr-stub.o)
 .ARM.attributes
                0x000004e3       0x2c /Users/dichochiramotlou/Library/Application Support/Code/User/globalStorage/bmd.stm32-for-vscode/@xpack-dev-tools/arm-none-eabi-gcc/13.2.1-1.1.1/.content/bin/../lib/gcc/arm-none-eabi/13.2.1/../../../../arm-none-eabi/lib/thumb/v6-m/nofp/libc_nano.a(libc_a-memcpy-stub.o)
 .ARM.attributes
                0x0000050f       0x2c /Users/dichochiramotlou/Library/Application Support/Code/User/globalStorage/bmd.stm32-for-vscode/@xpack-dev-tools/arm-none-eabi-gcc/13.2.1-1.1.1/.content/bin/../lib/gcc/arm-none-eabi/13.2.1/../../../../arm-none-eabi/lib/thumb/v6-m/nofp/libc_nano.a(libc_a-freer.o)
 .ARM.attributes
                0x0000053b       0x2c /Users/dichochiramotlou/Library/Application Support/Code/User/globalStorage/bmd.stm32-for-vscode/@xpack-dev-tools/arm-none-eabi-gcc/13.2.1-1.1.1/.content/bin/../lib/gcc/arm-none-eabi/13.2.1/../../../../arm-none-eabi/lib/thumb/v6-m/nofp/libc_nano.a(libc_a-msizer.o)
 .ARM.attributes
                0x00000567       0x2c /Users/dichochiramotlou/Library/Application Support/Code/User/globalStorage/bmd.stm32-for-vscode/@xpack-dev-tools/arm-none-eabi-gcc/13.2.1-1.1.1/.content/bin/../lib/gcc/arm-none-eabi/13.2.1/../../../../arm-none-eabi/lib/thumb/v6-m/nofp/libnosys.a(sbrk.o)
 .ARM.attributes
                0x00000593       0x1e /Users/dichochiramotlou/Library/Application Support/Code/User/globalStorage/bmd.stm32-for-vscode/@xpack-dev-tools/arm-none-eabi-gcc/13.2.1-1.1.1/.content/bin/../lib/gcc/arm-none-eabi/13.2.1/thumb/v6-m/nofp/libgcc.a(_thumb1_case_shi.o)
 .ARM.attributes
                0x000005b1       0x1e /Users/dichochiramotlou/Library/Application Support/Code/User/globalStorage/bmd.stm32-for-vscode/@xpack-dev-tools/arm-none-eabi-gcc/13.2.1-1.1.1/.content/bin/../lib/gcc/arm-none-eabi/13.2.1/thumb/v6-m/nofp/libgcc.a(_udivsi3.o)
 .ARM.attributes
                0x000005cf       0x1e /Users/dichochiramotlou/Library/Application Support/Code/User/globalStorage/bmd.stm32-for-vscode/@xpack-dev-tools/arm-none-eabi-gcc/13.2.1-1.1.1/.content/bin/../lib/gcc/arm-none-eabi/13.2.1/thumb/v6-m/nofp/libgcc.a(_dvmd_tls.o)
 .ARM.attributes
                0x000005ed       0x1e /Users/dichochiramotlou/Library/Application Support/Code/User/globalStorage/bmd.stm32-for-vscode/@xpack-dev-tools/arm-none-eabi-gcc/13.2.1-1.1.1/.content/bin/../lib/gcc/arm-none-eabi/13.2.1/thumb/v6-m/nofp/crtn.o
OUTPUT(build/adc.elf elf32-littlearm)
LOAD linker stubs
LOAD /Users/dichochiramotlou/Library/Application Support/Code/User/globalStorage/bmd.stm32-for-vscode/@xpack-dev-tools/arm-none-eabi-gcc/13.2.1-1.1.1/.content/bin/../lib/gcc/arm-none-eabi/13.2.1/../../../../arm-none-eabi/lib/thumb/v6-m/nofp/libc.a
LOAD /Users/dichochiramotlou/Library/Application Support/Code/User/globalStorage/bmd.stm32-for-vscode/@xpack-dev-tools/arm-none-eabi-gcc/13.2.1-1.1.1/.content/bin/../lib/gcc/arm-none-eabi/13.2.1/../../../../arm-none-eabi/lib/thumb/v6-m/nofp/libm.a
LOAD /Users/dichochiramotlou/Library/Application Support/Code/User/globalStorage/bmd.stm32-for-vscode/@xpack-dev-tools/arm-none-eabi-gcc/13.2.1-1.1.1/.content/bin/../lib/gcc/arm-none-eabi/13.2.1/thumb/v6-m/nofp/libgcc.a

.comment        0x00000000       0x38
 .comment       0x00000000       0x38 /Users/dichochiramotlou/Library/Application Support/Code/User/globalStorage/bmd.stm32-for-vscode/@xpack-dev-tools/arm-none-eabi-gcc/13.2.1-1.1.1/.content/bin/../lib/gcc/arm-none-eabi/13.2.1/thumb/v6-m/nofp/crtbegin.o
                                 0x39 (size before relaxing)
 .comment       0x00000038       0x39 build/adc.o
 .comment       0x00000038       0x39 build/gpio.o
 .comment       0x00000038       0x39 build/main.o
 .comment       0x00000038       0x39 build/stm32f0xx_hal_msp.o
 .comment       0x00000038       0x39 build/stm32f0xx_it.o
 .comment       0x00000038       0x39 build/system_stm32f0xx.o
 .comment       0x00000038       0x39 build/stm32f0xx_hal.o
 .comment       0x00000038       0x39 build/stm32f0xx_hal_adc.o
 .comment       0x00000038       0x39 build/stm32f0xx_hal_cortex.o
 .comment       0x00000038       0x39 build/stm32f0xx_hal_gpio.o
 .comment       0x00000038       0x39 build/stm32f0xx_hal_rcc.o
 .comment       0x00000038       0x39 /Users/dichochiramotlou/Library/Application Support/Code/User/globalStorage/bmd.stm32-for-vscode/@xpack-dev-tools/arm-none-eabi-gcc/13.2.1-1.1.1/.content/bin/../lib/gcc/arm-none-eabi/13.2.1/../../../../arm-none-eabi/lib/thumb/v6-m/nofp/libc_nano.a(libc_a-sprintf.o)
 .comment       0x00000038       0x39 /Users/dichochiramotlou/Library/Application Support/Code/User/globalStorage/bmd.stm32-for-vscode/@xpack-dev-tools/arm-none-eabi-gcc/13.2.1-1.1.1/.content/bin/../lib/gcc/arm-none-eabi/13.2.1/../../../../arm-none-eabi/lib/thumb/v6-m/nofp/libc_nano.a(libc_a-findfp.o)
 .comment       0x00000038       0x39 /Users/dichochiramotlou/Library/Application Support/Code/User/globalStorage/bmd.stm32-for-vscode/@xpack-dev-tools/arm-none-eabi-gcc/13.2.1-1.1.1/.content/bin/../lib/gcc/arm-none-eabi/13.2.1/../../../../arm-none-eabi/lib/thumb/v6-m/nofp/libc_nano.a(libc_a-memset.o)
 .comment       0x00000038       0x39 /Users/dichochiramotlou/Library/Application Support/Code/User/globalStorage/bmd.stm32-for-vscode/@xpack-dev-tools/arm-none-eabi-gcc/13.2.1-1.1.1/.content/bin/../lib/gcc/arm-none-eabi/13.2.1/../../../../arm-none-eabi/lib/thumb/v6-m/nofp/libc_nano.a(libc_a-impure.o)
 .comment       0x00000038       0x39 /Users/dichochiramotlou/Library/Application Support/Code/User/globalStorage/bmd.stm32-for-vscode/@xpack-dev-tools/arm-none-eabi-gcc/13.2.1-1.1.1/.content/bin/../lib/gcc/arm-none-eabi/13.2.1/../../../../arm-none-eabi/lib/thumb/v6-m/nofp/libc_nano.a(libc_a-init.o)
 .comment       0x00000038       0x39 /Users/dichochiramotlou/Library/Application Support/Code/User/globalStorage/bmd.stm32-for-vscode/@xpack-dev-tools/arm-none-eabi-gcc/13.2.1-1.1.1/.content/bin/../lib/gcc/arm-none-eabi/13.2.1/../../../../arm-none-eabi/lib/thumb/v6-m/nofp/libc_nano.a(libc_a-lock.o)
 .comment       0x00000038       0x39 /Users/dichochiramotlou/Library/Application Support/Code/User/globalStorage/bmd.stm32-for-vscode/@xpack-dev-tools/arm-none-eabi-gcc/13.2.1-1.1.1/.content/bin/../lib/gcc/arm-none-eabi/13.2.1/../../../../arm-none-eabi/lib/thumb/v6-m/nofp/libc_nano.a(libc_a-nano-svfprintf.o)
 .comment       0x00000038       0x39 /Users/dichochiramotlou/Library/Application Support/Code/User/globalStorage/bmd.stm32-for-vscode/@xpack-dev-tools/arm-none-eabi-gcc/13.2.1-1.1.1/.content/bin/../lib/gcc/arm-none-eabi/13.2.1/../../../../arm-none-eabi/lib/thumb/v6-m/nofp/libc_nano.a(libc_a-mallocr.o)
 .comment       0x00000038       0x39 /Users/dichochiramotlou/Library/Application Support/Code/User/globalStorage/bmd.stm32-for-vscode/@xpack-dev-tools/arm-none-eabi-gcc/13.2.1-1.1.1/.content/bin/../lib/gcc/arm-none-eabi/13.2.1/../../../../arm-none-eabi/lib/thumb/v6-m/nofp/libc_nano.a(libc_a-nano-vfprintf_i.o)
 .comment       0x00000038       0x39 /Users/dichochiramotlou/Library/Application Support/Code/User/globalStorage/bmd.stm32-for-vscode/@xpack-dev-tools/arm-none-eabi-gcc/13.2.1-1.1.1/.content/bin/../lib/gcc/arm-none-eabi/13.2.1/../../../../arm-none-eabi/lib/thumb/v6-m/nofp/libc_nano.a(libc_a-mlock.o)
 .comment       0x00000038       0x39 /Users/dichochiramotlou/Library/Application Support/Code/User/globalStorage/bmd.stm32-for-vscode/@xpack-dev-tools/arm-none-eabi-gcc/13.2.1-1.1.1/.content/bin/../lib/gcc/arm-none-eabi/13.2.1/../../../../arm-none-eabi/lib/thumb/v6-m/nofp/libc_nano.a(libc_a-reallocr.o)
 .comment       0x00000038       0x39 /Users/dichochiramotlou/Library/Application Support/Code/User/globalStorage/bmd.stm32-for-vscode/@xpack-dev-tools/arm-none-eabi-gcc/13.2.1-1.1.1/.content/bin/../lib/gcc/arm-none-eabi/13.2.1/../../../../arm-none-eabi/lib/thumb/v6-m/nofp/libc_nano.a(libc_a-memmove.o)
 .comment       0x00000038       0x39 /Users/dichochiramotlou/Library/Application Support/Code/User/globalStorage/bmd.stm32-for-vscode/@xpack-dev-tools/arm-none-eabi-gcc/13.2.1-1.1.1/.content/bin/../lib/gcc/arm-none-eabi/13.2.1/../../../../arm-none-eabi/lib/thumb/v6-m/nofp/libc_nano.a(libc_a-reent.o)
 .comment       0x00000038       0x39 /Users/dichochiramotlou/Library/Application Support/Code/User/globalStorage/bmd.stm32-for-vscode/@xpack-dev-tools/arm-none-eabi-gcc/13.2.1-1.1.1/.content/bin/../lib/gcc/arm-none-eabi/13.2.1/../../../../arm-none-eabi/lib/thumb/v6-m/nofp/libc_nano.a(libc_a-sbrkr.o)
 .comment       0x00000038       0x39 /Users/dichochiramotlou/Library/Application Support/Code/User/globalStorage/bmd.stm32-for-vscode/@xpack-dev-tools/arm-none-eabi-gcc/13.2.1-1.1.1/.content/bin/../lib/gcc/arm-none-eabi/13.2.1/../../../../arm-none-eabi/lib/thumb/v6-m/nofp/libc_nano.a(libc_a-memchr-stub.o)
 .comment       0x00000038       0x39 /Users/dichochiramotlou/Library/Application Support/Code/User/globalStorage/bmd.stm32-for-vscode/@xpack-dev-tools/arm-none-eabi-gcc/13.2.1-1.1.1/.content/bin/../lib/gcc/arm-none-eabi/13.2.1/../../../../arm-none-eabi/lib/thumb/v6-m/nofp/libc_nano.a(libc_a-memcpy-stub.o)
 .comment       0x00000038       0x39 /Users/dichochiramotlou/Library/Application Support/Code/User/globalStorage/bmd.stm32-for-vscode/@xpack-dev-tools/arm-none-eabi-gcc/13.2.1-1.1.1/.content/bin/../lib/gcc/arm-none-eabi/13.2.1/../../../../arm-none-eabi/lib/thumb/v6-m/nofp/libc_nano.a(libc_a-freer.o)
 .comment       0x00000038       0x39 /Users/dichochiramotlou/Library/Application Support/Code/User/globalStorage/bmd.stm32-for-vscode/@xpack-dev-tools/arm-none-eabi-gcc/13.2.1-1.1.1/.content/bin/../lib/gcc/arm-none-eabi/13.2.1/../../../../arm-none-eabi/lib/thumb/v6-m/nofp/libc_nano.a(libc_a-msizer.o)
 .comment       0x00000038       0x39 /Users/dichochiramotlou/Library/Application Support/Code/User/globalStorage/bmd.stm32-for-vscode/@xpack-dev-tools/arm-none-eabi-gcc/13.2.1-1.1.1/.content/bin/../lib/gcc/arm-none-eabi/13.2.1/../../../../arm-none-eabi/lib/thumb/v6-m/nofp/libnosys.a(sbrk.o)

.debug_info     0x00000000     0x51ad
 .debug_info    0x00000000      0x95b build/adc.o
 .debug_info    0x0000095b      0x371 build/gpio.o
 .debug_info    0x00000ccc     0x1131 build/main.o
 .debug_info    0x00001dfd      0x195 build/stm32f0xx_hal_msp.o
 .debug_info    0x00001f92       0xdd build/stm32f0xx_it.o
 .debug_info    0x0000206f      0x264 build/system_stm32f0xx.o
 .debug_info    0x000022d3      0x74c build/stm32f0xx_hal.o
 .debug_info    0x00002a1f      0xf56 build/stm32f0xx_hal_adc.o
 .debug_info    0x00003975      0x7f3 build/stm32f0xx_hal_cortex.o
 .debug_info    0x00004168      0x5ec build/stm32f0xx_hal_gpio.o
 .debug_info    0x00004754      0xa29 build/stm32f0xx_hal_rcc.o
 .debug_info    0x0000517d       0x30 build/startup_stm32f051x8.o

.debug_abbrev   0x00000000     0x1540
 .debug_abbrev  0x00000000      0x208 build/adc.o
 .debug_abbrev  0x00000208      0x177 build/gpio.o
 .debug_abbrev  0x0000037f      0x312 build/main.o
 .debug_abbrev  0x00000691       0xc4 build/stm32f0xx_hal_msp.o
 .debug_abbrev  0x00000755       0x7c build/stm32f0xx_it.o
 .debug_abbrev  0x000007d1      0x136 build/system_stm32f0xx.o
 .debug_abbrev  0x00000907      0x265 build/stm32f0xx_hal.o
 .debug_abbrev  0x00000b6c      0x22f build/stm32f0xx_hal_adc.o
 .debug_abbrev  0x00000d9b      0x2ec build/stm32f0xx_hal_cortex.o
 .debug_abbrev  0x00001087      0x1f8 build/stm32f0xx_hal_gpio.o
 .debug_abbrev  0x0000127f      0x29d build/stm32f0xx_hal_rcc.o
 .debug_abbrev  0x0000151c       0x24 build/startup_stm32f051x8.o

.debug_loclists
                0x00000000     0x15dc
 .debug_loclists
                0x00000000       0x6b build/adc.o
 .debug_loclists
                0x0000006b      0x123 build/main.o
 .debug_loclists
                0x0000018e       0xf5 build/system_stm32f0xx.o
 .debug_loclists
                0x00000283       0xe1 build/stm32f0xx_hal.o
 .debug_loclists
                0x00000364      0x9c7 build/stm32f0xx_hal_adc.o
 .debug_loclists
                0x00000d2b      0x208 build/stm32f0xx_hal_cortex.o
 .debug_loclists
                0x00000f33      0x28d build/stm32f0xx_hal_gpio.o
 .debug_loclists
                0x000011c0      0x41c build/stm32f0xx_hal_rcc.o

.debug_aranges  0x00000000      0x4a0
 .debug_aranges
                0x00000000       0x30 build/adc.o
 .debug_aranges
                0x00000030       0x20 build/gpio.o
 .debug_aranges
                0x00000050       0x68 build/main.o
 .debug_aranges
                0x000000b8       0x20 build/stm32f0xx_hal_msp.o
 .debug_aranges
                0x000000d8       0x40 build/stm32f0xx_it.o
 .debug_aranges
                0x00000118       0x28 build/system_stm32f0xx.o
 .debug_aranges
                0x00000140       0xd0 build/stm32f0xx_hal.o
 .debug_aranges
                0x00000210       0xf8 build/stm32f0xx_hal_adc.o
 .debug_aranges
                0x00000308       0x98 build/stm32f0xx_hal_cortex.o
 .debug_aranges
                0x000003a0       0x58 build/stm32f0xx_hal_gpio.o
 .debug_aranges
                0x000003f8       0x80 build/stm32f0xx_hal_rcc.o
 .debug_aranges
                0x00000478       0x28 build/startup_stm32f051x8.o

.debug_rnglists
                0x00000000      0x37e
 .debug_rnglists
                0x00000000       0x20 build/adc.o
 .debug_rnglists
                0x00000020       0x13 build/gpio.o
 .debug_rnglists
                0x00000033       0x5c build/main.o
 .debug_rnglists
                0x0000008f       0x13 build/stm32f0xx_hal_msp.o
 .debug_rnglists
                0x000000a2       0x2b build/stm32f0xx_it.o
 .debug_rnglists
                0x000000cd       0x1a build/system_stm32f0xx.o
 .debug_rnglists
                0x000000e7       0x97 build/stm32f0xx_hal.o
 .debug_rnglists
                0x0000017e       0xc1 build/stm32f0xx_hal_adc.o
 .debug_rnglists
                0x0000023f       0x79 build/stm32f0xx_hal_cortex.o
 .debug_rnglists
                0x000002b8       0x3f build/stm32f0xx_hal_gpio.o
 .debug_rnglists
                0x000002f7       0x6e build/stm32f0xx_hal_rcc.o
 .debug_rnglists
                0x00000365       0x19 build/startup_stm32f051x8.o

.debug_line     0x00000000     0x466b
 .debug_line    0x00000000      0x431 build/adc.o
 .debug_line    0x00000431      0x28c build/gpio.o
 .debug_line    0x000006bd      0x8a1 build/main.o
 .debug_line    0x00000f5e      0x228 build/stm32f0xx_hal_msp.o
 .debug_line    0x00001186       0xdd build/stm32f0xx_it.o
 .debug_line    0x00001263      0x2de build/system_stm32f0xx.o
 .debug_line    0x00001541      0x5db build/stm32f0xx_hal.o
 .debug_line    0x00001b1c     0x10a5 build/stm32f0xx_hal_adc.o
 .debug_line    0x00002bc1      0x5eb build/stm32f0xx_hal_cortex.o
 .debug_line    0x000031ac      0x762 build/stm32f0xx_hal_gpio.o
 .debug_line    0x0000390e      0xce6 build/stm32f0xx_hal_rcc.o
 .debug_line    0x000045f4       0x77 build/startup_stm32f051x8.o

.debug_str      0x00000000     0x16e3
 .debug_str     0x00000000     0x16e3 build/adc.o
                                0x6be (size before relaxing)
 .debug_str     0x000016e3      0x2bd build/gpio.o
 .debug_str     0x000016e3      0x939 build/main.o
 .debug_str     0x000016e3      0x1e6 build/stm32f0xx_hal_msp.o
 .debug_str     0x000016e3      0x1bc build/stm32f0xx_it.o
 .debug_str     0x000016e3      0x25e build/system_stm32f0xx.o
 .debug_str     0x000016e3      0x6c6 build/stm32f0xx_hal.o
 .debug_str     0x000016e3      0x8df build/stm32f0xx_hal_adc.o
 .debug_str     0x000016e3      0x607 build/stm32f0xx_hal_cortex.o
 .debug_str     0x000016e3      0x3e1 build/stm32f0xx_hal_gpio.o
 .debug_str     0x000016e3      0x642 build/stm32f0xx_hal_rcc.o
 .debug_str     0x000016e3       0x67 build/startup_stm32f051x8.o

.debug_frame    0x00000000      0x9dc
 .debug_frame   0x00000000       0x5c build/adc.o
 .debug_frame   0x0000005c       0x2c build/gpio.o
 .debug_frame   0x00000088      0x108 build/main.o
 .debug_frame   0x00000190       0x24 build/stm32f0xx_hal_msp.o
 .debug_frame   0x000001b4       0x68 build/stm32f0xx_it.o
 .debug_frame   0x0000021c       0x38 build/system_stm32f0xx.o
 .debug_frame   0x00000254      0x1ac build/stm32f0xx_hal.o
 .debug_frame   0x00000400      0x2a4 build/stm32f0xx_hal_adc.o
 .debug_frame   0x000006a4      0x144 build/stm32f0xx_hal_cortex.o
 .debug_frame   0x000007e8       0xc0 build/stm32f0xx_hal_gpio.o
 .debug_frame   0x000008a8      0x134 build/stm32f0xx_hal_rcc.o

.debug_line_str
                0x00000000       0x4b
 .debug_line_str
                0x00000000       0x4b build/startup_stm32f051x8.o

Cross Reference Table

Symbol                                            File
ADC1_COMP_IRQHandler                              build/startup_stm32f051x8.o
AHBPrescTable                                     build/system_stm32f0xx.o
                                                  build/stm32f0xx_hal_rcc.o
APBPrescTable                                     build/system_stm32f0xx.o
                                                  build/stm32f0xx_hal_rcc.o
CEC_CAN_IRQHandler                                build/startup_stm32f051x8.o
DMA1_Channel1_IRQHandler                          build/startup_stm32f051x8.o
DMA1_Channel2_3_IRQHandler                        build/startup_stm32f051x8.o
DMA1_Channel4_5_IRQHandler                        build/startup_stm32f051x8.o
Default_Handler                                   build/startup_stm32f051x8.o
EXTI0_1_IRQHandler                                build/startup_stm32f051x8.o
EXTI2_3_IRQHandler                                build/startup_stm32f051x8.o
EXTI4_15_IRQHandler                               build/startup_stm32f051x8.o
Error_Handler                                     build/main.o
                                                  build/adc.o
FLASH_IRQHandler                                  build/startup_stm32f051x8.o
FLASH_PageErase                                   build/stm32f0xx_hal_flash_ex.o
                                                  build/stm32f0xx_hal_flash.o
FLASH_WaitForLastOperation                        build/stm32f0xx_hal_flash.o
                                                  build/stm32f0xx_hal_flash_ex.o
HAL_ADCEx_Calibration_Start                       build/stm32f0xx_hal_adc_ex.o
HAL_ADC_AnalogWDGConfig                           build/stm32f0xx_hal_adc.o
HAL_ADC_ConfigChannel                             build/stm32f0xx_hal_adc.o
                                                  build/main.o
                                                  build/adc.o
HAL_ADC_ConvCpltCallback                          build/stm32f0xx_hal_adc.o
HAL_ADC_ConvHalfCpltCallback                      build/stm32f0xx_hal_adc.o
HAL_ADC_DeInit                                    build/stm32f0xx_hal_adc.o
HAL_ADC_ErrorCallback                             build/stm32f0xx_hal_adc.o
HAL_ADC_GetError                                  build/stm32f0xx_hal_adc.o
HAL_ADC_GetState                                  build/stm32f0xx_hal_adc.o
HAL_ADC_GetValue                                  build/stm32f0xx_hal_adc.o
                                                  build/main.o
HAL_ADC_IRQHandler                                build/stm32f0xx_hal_adc.o
HAL_ADC_Init                                      build/stm32f0xx_hal_adc.o
                                                  build/adc.o
HAL_ADC_LevelOutOfWindowCallback                  build/stm32f0xx_hal_adc.o
HAL_ADC_MspDeInit                                 build/adc.o
HAL_ADC_MspInit                                   build/adc.o
HAL_ADC_PollForConversion                         build/stm32f0xx_hal_adc.o
                                                  build/main.o
HAL_ADC_PollForEvent                              build/stm32f0xx_hal_adc.o
HAL_ADC_Start                                     build/stm32f0xx_hal_adc.o
                                                  build/main.o
HAL_ADC_Start_DMA                                 build/stm32f0xx_hal_adc.o
HAL_ADC_Start_IT                                  build/stm32f0xx_hal_adc.o
HAL_ADC_Stop                                      build/stm32f0xx_hal_adc.o
                                                  build/main.o
HAL_ADC_Stop_DMA                                  build/stm32f0xx_hal_adc.o
HAL_ADC_Stop_IT                                   build/stm32f0xx_hal_adc.o
HAL_DBGMCU_DisableDBGStandbyMode                  build/stm32f0xx_hal.o
HAL_DBGMCU_DisableDBGStopMode                     build/stm32f0xx_hal.o
HAL_DBGMCU_EnableDBGStandbyMode                   build/stm32f0xx_hal.o
HAL_DBGMCU_EnableDBGStopMode                      build/stm32f0xx_hal.o
HAL_DMA_Abort                                     build/stm32f0xx_hal_dma.o
                                                  build/stm32f0xx_hal_adc.o
HAL_DMA_Abort_IT                                  build/stm32f0xx_hal_dma.o
                                                  build/stm32f0xx_hal_i2c.o
HAL_DMA_DeInit                                    build/stm32f0xx_hal_dma.o
HAL_DMA_GetError                                  build/stm32f0xx_hal_dma.o
HAL_DMA_GetState                                  build/stm32f0xx_hal_dma.o
                                                  build/stm32f0xx_hal_i2c.o
HAL_DMA_IRQHandler                                build/stm32f0xx_hal_dma.o
HAL_DMA_Init                                      build/stm32f0xx_hal_dma.o
HAL_DMA_PollForTransfer                           build/stm32f0xx_hal_dma.o
HAL_DMA_RegisterCallback                          build/stm32f0xx_hal_dma.o
HAL_DMA_Start                                     build/stm32f0xx_hal_dma.o
HAL_DMA_Start_IT                                  build/stm32f0xx_hal_dma.o
                                                  build/stm32f0xx_hal_i2c.o
                                                  build/stm32f0xx_hal_adc.o
HAL_DMA_UnRegisterCallback                        build/stm32f0xx_hal_dma.o
HAL_DeInit                                        build/stm32f0xx_hal.o
HAL_Delay                                         build/stm32f0xx_hal.o
                                                  build/main.o
HAL_EXTI_ClearConfigLine                          build/stm32f0xx_hal_exti.o
HAL_EXTI_ClearPending                             build/stm32f0xx_hal_exti.o
HAL_EXTI_GenerateSWI                              build/stm32f0xx_hal_exti.o
HAL_EXTI_GetConfigLine                            build/stm32f0xx_hal_exti.o
HAL_EXTI_GetHandle                                build/stm32f0xx_hal_exti.o
HAL_EXTI_GetPending                               build/stm32f0xx_hal_exti.o
HAL_EXTI_IRQHandler                               build/stm32f0xx_hal_exti.o
HAL_EXTI_RegisterCallback                         build/stm32f0xx_hal_exti.o
HAL_EXTI_SetConfigLine                            build/stm32f0xx_hal_exti.o
HAL_FLASHEx_Erase                                 build/stm32f0xx_hal_flash_ex.o
HAL_FLASHEx_Erase_IT                              build/stm32f0xx_hal_flash_ex.o
HAL_FLASHEx_OBErase                               build/stm32f0xx_hal_flash_ex.o
HAL_FLASHEx_OBGetConfig                           build/stm32f0xx_hal_flash_ex.o
HAL_FLASHEx_OBGetUserData                         build/stm32f0xx_hal_flash_ex.o
HAL_FLASHEx_OBProgram                             build/stm32f0xx_hal_flash_ex.o
HAL_FLASH_EndOfOperationCallback                  build/stm32f0xx_hal_flash.o
HAL_FLASH_GetError                                build/stm32f0xx_hal_flash.o
HAL_FLASH_IRQHandler                              build/stm32f0xx_hal_flash.o
HAL_FLASH_Lock                                    build/stm32f0xx_hal_flash.o
HAL_FLASH_OB_Launch                               build/stm32f0xx_hal_flash.o
HAL_FLASH_OB_Lock                                 build/stm32f0xx_hal_flash.o
HAL_FLASH_OB_Unlock                               build/stm32f0xx_hal_flash.o
HAL_FLASH_OperationErrorCallback                  build/stm32f0xx_hal_flash.o
HAL_FLASH_Program                                 build/stm32f0xx_hal_flash.o
HAL_FLASH_Program_IT                              build/stm32f0xx_hal_flash.o
HAL_FLASH_Unlock                                  build/stm32f0xx_hal_flash.o
HAL_GPIO_DeInit                                   build/stm32f0xx_hal_gpio.o
                                                  build/adc.o
HAL_GPIO_EXTI_Callback                            build/stm32f0xx_hal_gpio.o
HAL_GPIO_EXTI_IRQHandler                          build/stm32f0xx_hal_gpio.o
HAL_GPIO_Init                                     build/stm32f0xx_hal_gpio.o
                                                  build/stm32f0xx_hal_rcc.o
                                                  build/gpio.o
                                                  build/adc.o
HAL_GPIO_LockPin                                  build/stm32f0xx_hal_gpio.o
HAL_GPIO_ReadPin                                  build/stm32f0xx_hal_gpio.o
HAL_GPIO_TogglePin                                build/stm32f0xx_hal_gpio.o
HAL_GPIO_WritePin                                 build/stm32f0xx_hal_gpio.o
                                                  build/main.o
                                                  build/gpio.o
HAL_GetDEVID                                      build/stm32f0xx_hal.o
HAL_GetHalVersion                                 build/stm32f0xx_hal.o
HAL_GetREVID                                      build/stm32f0xx_hal.o
HAL_GetTick                                       build/stm32f0xx_hal.o
                                                  build/stm32f0xx_hal_rcc_ex.o
                                                  build/stm32f0xx_hal_rcc.o
                                                  build/stm32f0xx_hal_i2c.o
                                                  build/stm32f0xx_hal_flash.o
                                                  build/stm32f0xx_hal_dma.o
                                                  build/stm32f0xx_hal_adc_ex.o
                                                  build/stm32f0xx_hal_adc.o
HAL_GetTickFreq                                   build/stm32f0xx_hal.o
HAL_GetTickPrio                                   build/stm32f0xx_hal.o
HAL_GetUIDw0                                      build/stm32f0xx_hal.o
HAL_GetUIDw1                                      build/stm32f0xx_hal.o
HAL_GetUIDw2                                      build/stm32f0xx_hal.o
HAL_I2CEx_ConfigAnalogFilter                      build/stm32f0xx_hal_i2c_ex.o
HAL_I2CEx_ConfigDigitalFilter                     build/stm32f0xx_hal_i2c_ex.o
HAL_I2CEx_DisableFastModePlus                     build/stm32f0xx_hal_i2c_ex.o
HAL_I2CEx_DisableWakeUp                           build/stm32f0xx_hal_i2c_ex.o
HAL_I2CEx_EnableFastModePlus                      build/stm32f0xx_hal_i2c_ex.o
HAL_I2CEx_EnableWakeUp                            build/stm32f0xx_hal_i2c_ex.o
HAL_I2C_AbortCpltCallback                         build/stm32f0xx_hal_i2c.o
HAL_I2C_AddrCallback                              build/stm32f0xx_hal_i2c.o
HAL_I2C_DeInit                                    build/stm32f0xx_hal_i2c.o
HAL_I2C_DisableListen_IT                          build/stm32f0xx_hal_i2c.o
HAL_I2C_ER_IRQHandler                             build/stm32f0xx_hal_i2c.o
HAL_I2C_EV_IRQHandler                             build/stm32f0xx_hal_i2c.o
HAL_I2C_EnableListen_IT                           build/stm32f0xx_hal_i2c.o
HAL_I2C_ErrorCallback                             build/stm32f0xx_hal_i2c.o
HAL_I2C_GetError                                  build/stm32f0xx_hal_i2c.o
HAL_I2C_GetMode                                   build/stm32f0xx_hal_i2c.o
HAL_I2C_GetState                                  build/stm32f0xx_hal_i2c.o
HAL_I2C_Init                                      build/stm32f0xx_hal_i2c.o
HAL_I2C_IsDeviceReady                             build/stm32f0xx_hal_i2c.o
HAL_I2C_ListenCpltCallback                        build/stm32f0xx_hal_i2c.o
HAL_I2C_MasterRxCpltCallback                      build/stm32f0xx_hal_i2c.o
HAL_I2C_MasterTxCpltCallback                      build/stm32f0xx_hal_i2c.o
HAL_I2C_Master_Abort_IT                           build/stm32f0xx_hal_i2c.o
HAL_I2C_Master_Receive                            build/stm32f0xx_hal_i2c.o
HAL_I2C_Master_Receive_DMA                        build/stm32f0xx_hal_i2c.o
HAL_I2C_Master_Receive_IT                         build/stm32f0xx_hal_i2c.o
HAL_I2C_Master_Seq_Receive_DMA                    build/stm32f0xx_hal_i2c.o
HAL_I2C_Master_Seq_Receive_IT                     build/stm32f0xx_hal_i2c.o
HAL_I2C_Master_Seq_Transmit_DMA                   build/stm32f0xx_hal_i2c.o
HAL_I2C_Master_Seq_Transmit_IT                    build/stm32f0xx_hal_i2c.o
HAL_I2C_Master_Transmit                           build/stm32f0xx_hal_i2c.o
HAL_I2C_Master_Transmit_DMA                       build/stm32f0xx_hal_i2c.o
HAL_I2C_Master_Transmit_IT                        build/stm32f0xx_hal_i2c.o
HAL_I2C_MemRxCpltCallback                         build/stm32f0xx_hal_i2c.o
HAL_I2C_MemTxCpltCallback                         build/stm32f0xx_hal_i2c.o
HAL_I2C_Mem_Read                                  build/stm32f0xx_hal_i2c.o
HAL_I2C_Mem_Read_DMA                              build/stm32f0xx_hal_i2c.o
HAL_I2C_Mem_Read_IT                               build/stm32f0xx_hal_i2c.o
HAL_I2C_Mem_Write                                 build/stm32f0xx_hal_i2c.o
HAL_I2C_Mem_Write_DMA                             build/stm32f0xx_hal_i2c.o
HAL_I2C_Mem_Write_IT                              build/stm32f0xx_hal_i2c.o
HAL_I2C_MspDeInit                                 build/stm32f0xx_hal_i2c.o
HAL_I2C_MspInit                                   build/stm32f0xx_hal_i2c.o
HAL_I2C_SlaveRxCpltCallback                       build/stm32f0xx_hal_i2c.o
HAL_I2C_SlaveTxCpltCallback                       build/stm32f0xx_hal_i2c.o
HAL_I2C_Slave_Receive                             build/stm32f0xx_hal_i2c.o
HAL_I2C_Slave_Receive_DMA                         build/stm32f0xx_hal_i2c.o
HAL_I2C_Slave_Receive_IT                          build/stm32f0xx_hal_i2c.o
HAL_I2C_Slave_Seq_Receive_DMA                     build/stm32f0xx_hal_i2c.o
HAL_I2C_Slave_Seq_Receive_IT                      build/stm32f0xx_hal_i2c.o
HAL_I2C_Slave_Seq_Transmit_DMA                    build/stm32f0xx_hal_i2c.o
HAL_I2C_Slave_Seq_Transmit_IT                     build/stm32f0xx_hal_i2c.o
HAL_I2C_Slave_Transmit                            build/stm32f0xx_hal_i2c.o
HAL_I2C_Slave_Transmit_DMA                        build/stm32f0xx_hal_i2c.o
HAL_I2C_Slave_Transmit_IT                         build/stm32f0xx_hal_i2c.o
HAL_IncTick                                       build/stm32f0xx_hal.o
                                                  build/stm32f0xx_it.o
HAL_Init                                          build/stm32f0xx_hal.o
                                                  build/main.o
HAL_InitTick                                      build/stm32f0xx_hal.o
                                                  build/stm32f0xx_hal_rcc.o
HAL_MspDeInit                                     build/stm32f0xx_hal.o
HAL_MspInit                                       build/stm32f0xx_hal_msp.o
HAL_NVIC_ClearPendingIRQ                          build/stm32f0xx_hal_cortex.o
HAL_NVIC_DisableIRQ                               build/stm32f0xx_hal_cortex.o
HAL_NVIC_EnableIRQ                                build/stm32f0xx_hal_cortex.o
HAL_NVIC_GetPendingIRQ                            build/stm32f0xx_hal_cortex.o
HAL_NVIC_GetPriority                              build/stm32f0xx_hal_cortex.o
HAL_NVIC_SetPendingIRQ                            build/stm32f0xx_hal_cortex.o
HAL_NVIC_SetPriority                              build/stm32f0xx_hal_cortex.o
                                                  build/stm32f0xx_hal.o
HAL_NVIC_SystemReset                              build/stm32f0xx_hal_cortex.o
HAL_PWR_ConfigPVD                                 build/stm32f0xx_hal_pwr_ex.o
HAL_PWR_DeInit                                    build/stm32f0xx_hal_pwr.o
HAL_PWR_DisableBkUpAccess                         build/stm32f0xx_hal_pwr.o
HAL_PWR_DisablePVD                                build/stm32f0xx_hal_pwr_ex.o
HAL_PWR_DisableSEVOnPend                          build/stm32f0xx_hal_pwr.o
HAL_PWR_DisableSleepOnExit                        build/stm32f0xx_hal_pwr.o
HAL_PWR_DisableWakeUpPin                          build/stm32f0xx_hal_pwr.o
HAL_PWR_EnableBkUpAccess                          build/stm32f0xx_hal_pwr.o
HAL_PWR_EnablePVD                                 build/stm32f0xx_hal_pwr_ex.o
HAL_PWR_EnableSEVOnPend                           build/stm32f0xx_hal_pwr.o
HAL_PWR_EnableSleepOnExit                         build/stm32f0xx_hal_pwr.o
HAL_PWR_EnableWakeUpPin                           build/stm32f0xx_hal_pwr.o
HAL_PWR_EnterSLEEPMode                            build/stm32f0xx_hal_pwr.o
HAL_PWR_EnterSTANDBYMode                          build/stm32f0xx_hal_pwr.o
HAL_PWR_EnterSTOPMode                             build/stm32f0xx_hal_pwr.o
HAL_PWR_PVDCallback                               build/stm32f0xx_hal_pwr_ex.o
HAL_PWR_PVD_IRQHandler                            build/stm32f0xx_hal_pwr_ex.o
HAL_RCCEx_GetPeriphCLKConfig                      build/stm32f0xx_hal_rcc_ex.o
HAL_RCCEx_GetPeriphCLKFreq                        build/stm32f0xx_hal_rcc_ex.o
HAL_RCCEx_PeriphCLKConfig                         build/stm32f0xx_hal_rcc_ex.o
HAL_RCC_CSSCallback                               build/stm32f0xx_hal_rcc.o
HAL_RCC_ClockConfig                               build/stm32f0xx_hal_rcc.o
                                                  build/main.o
HAL_RCC_DeInit                                    build/stm32f0xx_hal_rcc.o
HAL_RCC_DisableCSS                                build/stm32f0xx_hal_rcc.o
HAL_RCC_EnableCSS                                 build/stm32f0xx_hal_rcc.o
HAL_RCC_GetClockConfig                            build/stm32f0xx_hal_rcc.o
HAL_RCC_GetHCLKFreq                               build/stm32f0xx_hal_rcc.o
HAL_RCC_GetOscConfig                              build/stm32f0xx_hal_rcc.o
HAL_RCC_GetPCLK1Freq                              build/stm32f0xx_hal_rcc.o
                                                  build/stm32f0xx_hal_rcc_ex.o
HAL_RCC_GetSysClockFreq                           build/stm32f0xx_hal_rcc.o
                                                  build/stm32f0xx_hal_rcc_ex.o
HAL_RCC_MCOConfig                                 build/stm32f0xx_hal_rcc.o
HAL_RCC_NMI_IRQHandler                            build/stm32f0xx_hal_rcc.o
HAL_RCC_OscConfig                                 build/stm32f0xx_hal_rcc.o
                                                  build/main.o
HAL_ResumeTick                                    build/stm32f0xx_hal.o
HAL_SYSTICK_CLKSourceConfig                       build/stm32f0xx_hal_cortex.o
HAL_SYSTICK_Callback                              build/stm32f0xx_hal_cortex.o
HAL_SYSTICK_Config                                build/stm32f0xx_hal_cortex.o
                                                  build/stm32f0xx_hal.o
HAL_SYSTICK_IRQHandler                            build/stm32f0xx_hal_cortex.o
HAL_SetTickFreq                                   build/stm32f0xx_hal.o
HAL_SuspendTick                                   build/stm32f0xx_hal.o
HardFault_Handler                                 build/stm32f0xx_it.o
I2C1_IRQHandler                                   build/startup_stm32f051x8.o
I2C2_IRQHandler                                   build/startup_stm32f051x8.o
MX_ADC_Init                                       build/adc.o
                                                  build/main.o
MX_GPIO_Init                                      build/gpio.o
                                                  build/main.o
NMI_Handler                                       build/stm32f0xx_it.o
PVD_IRQHandler                                    build/startup_stm32f051x8.o
PendSV_Handler                                    build/stm32f0xx_it.o
RCC_CRS_IRQHandler                                build/startup_stm32f051x8.o
RTC_IRQHandler                                    build/startup_stm32f051x8.o
Reset_Handler                                     build/startup_stm32f051x8.o
SPI1_IRQHandler                                   build/startup_stm32f051x8.o
SPI2_IRQHandler                                   build/startup_stm32f051x8.o
SVC_Handler                                       build/stm32f0xx_it.o
SysTick_Handler                                   build/stm32f0xx_it.o
SystemClock_Config                                build/main.o
SystemCoreClock                                   build/system_stm32f0xx.o
                                                  build/stm32f0xx_hal_rcc.o
                                                  build/stm32f0xx_hal_adc.o
                                                  build/stm32f0xx_hal.o
SystemCoreClockUpdate                             build/system_stm32f0xx.o
SystemInit                                        build/system_stm32f0xx.o
                                                  build/startup_stm32f051x8.o
TIM14_IRQHandler                                  build/startup_stm32f051x8.o
TIM15_IRQHandler                                  build/startup_stm32f051x8.o
TIM16_IRQHandler                                  build/startup_stm32f051x8.o
TIM17_IRQHandler                                  build/startup_stm32f051x8.o
TIM1_BRK_UP_TRG_COM_IRQHandler                    build/startup_stm32f051x8.o
TIM1_CC_IRQHandler                                build/startup_stm32f051x8.o
TIM2_IRQHandler                                   build/startup_stm32f051x8.o
TIM3_IRQHandler                                   build/startup_stm32f051x8.o
TIM6_DAC_IRQHandler                               build/startup_stm32f051x8.o
TSC_IRQHandler                                    build/startup_stm32f051x8.o
USART1_IRQHandler                                 build/startup_stm32f051x8.o
USART2_IRQHandler                                 build/startup_stm32f051x8.o
WWDG_IRQHandler                                   build/startup_stm32f051x8.o
__aeabi_idiv0                                     /Users/dichochiramotlou/Library/Application Support/Code/User/globalStorage/bmd.stm32-for-vscode/@xpack-dev-tools/arm-none-eabi-gcc/13.2.1-1.1.1/.content/bin/../lib/gcc/arm-none-eabi/13.2.1/thumb/v6-m/nofp/libgcc.a(_dvmd_tls.o)
                                                  /Users/dichochiramotlou/Library/Application Support/Code/User/globalStorage/bmd.stm32-for-vscode/@xpack-dev-tools/arm-none-eabi-gcc/13.2.1-1.1.1/.content/bin/../lib/gcc/arm-none-eabi/13.2.1/thumb/v6-m/nofp/libgcc.a(_udivsi3.o)
__aeabi_ldiv0                                     /Users/dichochiramotlou/Library/Application Support/Code/User/globalStorage/bmd.stm32-for-vscode/@xpack-dev-tools/arm-none-eabi-gcc/13.2.1-1.1.1/.content/bin/../lib/gcc/arm-none-eabi/13.2.1/thumb/v6-m/nofp/libgcc.a(_dvmd_tls.o)
__aeabi_uidiv                                     /Users/dichochiramotlou/Library/Application Support/Code/User/globalStorage/bmd.stm32-for-vscode/@xpack-dev-tools/arm-none-eabi-gcc/13.2.1-1.1.1/.content/bin/../lib/gcc/arm-none-eabi/13.2.1/thumb/v6-m/nofp/libgcc.a(_udivsi3.o)
                                                  build/stm32f0xx_hal_rcc.o
                                                  build/stm32f0xx_hal_dma.o
                                                  build/stm32f0xx_hal_adc.o
                                                  build/stm32f0xx_hal.o
                                                  build/system_stm32f0xx.o
__aeabi_uidivmod                                  /Users/dichochiramotlou/Library/Application Support/Code/User/globalStorage/bmd.stm32-for-vscode/@xpack-dev-tools/arm-none-eabi-gcc/13.2.1-1.1.1/.content/bin/../lib/gcc/arm-none-eabi/13.2.1/thumb/v6-m/nofp/libgcc.a(_udivsi3.o)
                                                  /Users/dichochiramotlou/Library/Application Support/Code/User/globalStorage/bmd.stm32-for-vscode/@xpack-dev-tools/arm-none-eabi-gcc/13.2.1-1.1.1/.content/bin/../lib/gcc/arm-none-eabi/13.2.1/../../../../arm-none-eabi/lib/thumb/v6-m/nofp/libc_nano.a(libc_a-nano-vfprintf_i.o)
__atexit                                          /Users/dichochiramotlou/Library/Application Support/Code/User/globalStorage/bmd.stm32-for-vscode/@xpack-dev-tools/arm-none-eabi-gcc/13.2.1-1.1.1/.content/bin/../lib/gcc/arm-none-eabi/13.2.1/../../../../arm-none-eabi/lib/thumb/v6-m/nofp/libc_nano.a(libc_a-__call_atexit.o)
                                                  /Users/dichochiramotlou/Library/Application Support/Code/User/globalStorage/bmd.stm32-for-vscode/@xpack-dev-tools/arm-none-eabi-gcc/13.2.1-1.1.1/.content/bin/../lib/gcc/arm-none-eabi/13.2.1/../../../../arm-none-eabi/lib/thumb/v6-m/nofp/libc_nano.a(libc_a-__atexit.o)
__atexit0                                         /Users/dichochiramotlou/Library/Application Support/Code/User/globalStorage/bmd.stm32-for-vscode/@xpack-dev-tools/arm-none-eabi-gcc/13.2.1-1.1.1/.content/bin/../lib/gcc/arm-none-eabi/13.2.1/../../../../arm-none-eabi/lib/thumb/v6-m/nofp/libc_nano.a(libc_a-__atexit.o)
__atexit_dummy                                    /Users/dichochiramotlou/Library/Application Support/Code/User/globalStorage/bmd.stm32-for-vscode/@xpack-dev-tools/arm-none-eabi-gcc/13.2.1-1.1.1/.content/bin/../lib/gcc/arm-none-eabi/13.2.1/../../../../arm-none-eabi/lib/thumb/v6-m/nofp/libc_nano.a(libc_a-__atexit.o)
__atexit_recursive_mutex                          /Users/dichochiramotlou/Library/Application Support/Code/User/globalStorage/bmd.stm32-for-vscode/@xpack-dev-tools/arm-none-eabi-gcc/13.2.1-1.1.1/.content/bin/../lib/gcc/arm-none-eabi/13.2.1/../../../../arm-none-eabi/lib/thumb/v6-m/nofp/libc_nano.a(libc_a-__call_atexit.o)
                                                  /Users/dichochiramotlou/Library/Application Support/Code/User/globalStorage/bmd.stm32-for-vscode/@xpack-dev-tools/arm-none-eabi-gcc/13.2.1-1.1.1/.content/bin/../lib/gcc/arm-none-eabi/13.2.1/../../../../arm-none-eabi/lib/thumb/v6-m/nofp/libc_nano.a(libc_a-__atexit.o)
__bss_end__                                       /Users/dichochiramotlou/Library/Application Support/Code/User/globalStorage/bmd.stm32-for-vscode/@xpack-dev-tools/arm-none-eabi-gcc/13.2.1-1.1.1/.content/bin/../lib/gcc/arm-none-eabi/13.2.1/../../../../arm-none-eabi/lib/thumb/v6-m/nofp/crt0.o
__bss_start__                                     /Users/dichochiramotlou/Library/Application Support/Code/User/globalStorage/bmd.stm32-for-vscode/@xpack-dev-tools/arm-none-eabi-gcc/13.2.1-1.1.1/.content/bin/../lib/gcc/arm-none-eabi/13.2.1/../../../../arm-none-eabi/lib/thumb/v6-m/nofp/crt0.o
__call_exitprocs                                  /Users/dichochiramotlou/Library/Application Support/Code/User/globalStorage/bmd.stm32-for-vscode/@xpack-dev-tools/arm-none-eabi-gcc/13.2.1-1.1.1/.content/bin/../lib/gcc/arm-none-eabi/13.2.1/../../../../arm-none-eabi/lib/thumb/v6-m/nofp/libc_nano.a(libc_a-__call_atexit.o)
                                                  /Users/dichochiramotlou/Library/Application Support/Code/User/globalStorage/bmd.stm32-for-vscode/@xpack-dev-tools/arm-none-eabi-gcc/13.2.1-1.1.1/.content/bin/../lib/gcc/arm-none-eabi/13.2.1/../../../../arm-none-eabi/lib/thumb/v6-m/nofp/libc_nano.a(libc_a-__atexit.o)
                                                  /Users/dichochiramotlou/Library/Application Support/Code/User/globalStorage/bmd.stm32-for-vscode/@xpack-dev-tools/arm-none-eabi-gcc/13.2.1-1.1.1/.content/bin/../lib/gcc/arm-none-eabi/13.2.1/../../../../arm-none-eabi/lib/thumb/v6-m/nofp/libc_nano.a(libc_a-exit.o)
__deregister_frame_info                           /Users/dichochiramotlou/Library/Application Support/Code/User/globalStorage/bmd.stm32-for-vscode/@xpack-dev-tools/arm-none-eabi-gcc/13.2.1-1.1.1/.content/bin/../lib/gcc/arm-none-eabi/13.2.1/thumb/v6-m/nofp/crtbegin.o
__dso_handle                                      /Users/dichochiramotlou/Library/Application Support/Code/User/globalStorage/bmd.stm32-for-vscode/@xpack-dev-tools/arm-none-eabi-gcc/13.2.1-1.1.1/.content/bin/../lib/gcc/arm-none-eabi/13.2.1/thumb/v6-m/nofp/crtbegin.o
__fini_array_end                                  /Users/dichochiramotlou/Library/Application Support/Code/User/globalStorage/bmd.stm32-for-vscode/@xpack-dev-tools/arm-none-eabi-gcc/13.2.1-1.1.1/.content/bin/../lib/gcc/arm-none-eabi/13.2.1/../../../../arm-none-eabi/lib/thumb/v6-m/nofp/libc_nano.a(libc_a-fini.o)
__fini_array_start                                /Users/dichochiramotlou/Library/Application Support/Code/User/globalStorage/bmd.stm32-for-vscode/@xpack-dev-tools/arm-none-eabi-gcc/13.2.1-1.1.1/.content/bin/../lib/gcc/arm-none-eabi/13.2.1/../../../../arm-none-eabi/lib/thumb/v6-m/nofp/libc_nano.a(libc_a-fini.o)
__fp_lock_all                                     /Users/dichochiramotlou/Library/Application Support/Code/User/globalStorage/bmd.stm32-for-vscode/@xpack-dev-tools/arm-none-eabi-gcc/13.2.1-1.1.1/.content/bin/../lib/gcc/arm-none-eabi/13.2.1/../../../../arm-none-eabi/lib/thumb/v6-m/nofp/libc_nano.a(libc_a-findfp.o)
__fp_unlock_all                                   /Users/dichochiramotlou/Library/Application Support/Code/User/globalStorage/bmd.stm32-for-vscode/@xpack-dev-tools/arm-none-eabi-gcc/13.2.1-1.1.1/.content/bin/../lib/gcc/arm-none-eabi/13.2.1/../../../../arm-none-eabi/lib/thumb/v6-m/nofp/libc_nano.a(libc_a-findfp.o)
__gnu_thumb1_case_shi                             /Users/dichochiramotlou/Library/Application Support/Code/User/globalStorage/bmd.stm32-for-vscode/@xpack-dev-tools/arm-none-eabi-gcc/13.2.1-1.1.1/.content/bin/../lib/gcc/arm-none-eabi/13.2.1/thumb/v6-m/nofp/libgcc.a(_thumb1_case_shi.o)
                                                  /Users/dichochiramotlou/Library/Application Support/Code/User/globalStorage/bmd.stm32-for-vscode/@xpack-dev-tools/arm-none-eabi-gcc/13.2.1-1.1.1/.content/bin/../lib/gcc/arm-none-eabi/13.2.1/../../../../arm-none-eabi/lib/thumb/v6-m/nofp/libc_nano.a(libc_a-nano-vfprintf_i.o)
__init_array_end                                  /Users/dichochiramotlou/Library/Application Support/Code/User/globalStorage/bmd.stm32-for-vscode/@xpack-dev-tools/arm-none-eabi-gcc/13.2.1-1.1.1/.content/bin/../lib/gcc/arm-none-eabi/13.2.1/../../../../arm-none-eabi/lib/thumb/v6-m/nofp/libc_nano.a(libc_a-init.o)
__init_array_start                                /Users/dichochiramotlou/Library/Application Support/Code/User/globalStorage/bmd.stm32-for-vscode/@xpack-dev-tools/arm-none-eabi-gcc/13.2.1-1.1.1/.content/bin/../lib/gcc/arm-none-eabi/13.2.1/../../../../arm-none-eabi/lib/thumb/v6-m/nofp/libc_nano.a(libc_a-init.o)
__libc_fini_array                                 /Users/dichochiramotlou/Library/Application Support/Code/User/globalStorage/bmd.stm32-for-vscode/@xpack-dev-tools/arm-none-eabi-gcc/13.2.1-1.1.1/.content/bin/../lib/gcc/arm-none-eabi/13.2.1/../../../../arm-none-eabi/lib/thumb/v6-m/nofp/libc_nano.a(libc_a-fini.o)
                                                  /Users/dichochiramotlou/Library/Application Support/Code/User/globalStorage/bmd.stm32-for-vscode/@xpack-dev-tools/arm-none-eabi-gcc/13.2.1-1.1.1/.content/bin/../lib/gcc/arm-none-eabi/13.2.1/../../../../arm-none-eabi/lib/thumb/v6-m/nofp/crt0.o
__libc_init_array                                 /Users/dichochiramotlou/Library/Application Support/Code/User/globalStorage/bmd.stm32-for-vscode/@xpack-dev-tools/arm-none-eabi-gcc/13.2.1-1.1.1/.content/bin/../lib/gcc/arm-none-eabi/13.2.1/../../../../arm-none-eabi/lib/thumb/v6-m/nofp/libc_nano.a(libc_a-init.o)
                                                  build/startup_stm32f051x8.o
                                                  /Users/dichochiramotlou/Library/Application Support/Code/User/globalStorage/bmd.stm32-for-vscode/@xpack-dev-tools/arm-none-eabi-gcc/13.2.1-1.1.1/.content/bin/../lib/gcc/arm-none-eabi/13.2.1/../../../../arm-none-eabi/lib/thumb/v6-m/nofp/crt0.o
__lock___arc4random_mutex                         /Users/dichochiramotlou/Library/Application Support/Code/User/globalStorage/bmd.stm32-for-vscode/@xpack-dev-tools/arm-none-eabi-gcc/13.2.1-1.1.1/.content/bin/../lib/gcc/arm-none-eabi/13.2.1/../../../../arm-none-eabi/lib/thumb/v6-m/nofp/libc_nano.a(libc_a-lock.o)
__lock___at_quick_exit_mutex                      /Users/dichochiramotlou/Library/Application Support/Code/User/globalStorage/bmd.stm32-for-vscode/@xpack-dev-tools/arm-none-eabi-gcc/13.2.1-1.1.1/.content/bin/../lib/gcc/arm-none-eabi/13.2.1/../../../../arm-none-eabi/lib/thumb/v6-m/nofp/libc_nano.a(libc_a-lock.o)
__lock___atexit_recursive_mutex                   /Users/dichochiramotlou/Library/Application Support/Code/User/globalStorage/bmd.stm32-for-vscode/@xpack-dev-tools/arm-none-eabi-gcc/13.2.1-1.1.1/.content/bin/../lib/gcc/arm-none-eabi/13.2.1/../../../../arm-none-eabi/lib/thumb/v6-m/nofp/libc_nano.a(libc_a-lock.o)
                                                  /Users/dichochiramotlou/Library/Application Support/Code/User/globalStorage/bmd.stm32-for-vscode/@xpack-dev-tools/arm-none-eabi-gcc/13.2.1-1.1.1/.content/bin/../lib/gcc/arm-none-eabi/13.2.1/../../../../arm-none-eabi/lib/thumb/v6-m/nofp/libc_nano.a(libc_a-__call_atexit.o)
__lock___dd_hash_mutex                            /Users/dichochiramotlou/Library/Application Support/Code/User/globalStorage/bmd.stm32-for-vscode/@xpack-dev-tools/arm-none-eabi-gcc/13.2.1-1.1.1/.content/bin/../lib/gcc/arm-none-eabi/13.2.1/../../../../arm-none-eabi/lib/thumb/v6-m/nofp/libc_nano.a(libc_a-lock.o)
__lock___env_recursive_mutex                      /Users/dichochiramotlou/Library/Application Support/Code/User/globalStorage/bmd.stm32-for-vscode/@xpack-dev-tools/arm-none-eabi-gcc/13.2.1-1.1.1/.content/bin/../lib/gcc/arm-none-eabi/13.2.1/../../../../arm-none-eabi/lib/thumb/v6-m/nofp/libc_nano.a(libc_a-lock.o)
__lock___malloc_recursive_mutex                   /Users/dichochiramotlou/Library/Application Support/Code/User/globalStorage/bmd.stm32-for-vscode/@xpack-dev-tools/arm-none-eabi-gcc/13.2.1-1.1.1/.content/bin/../lib/gcc/arm-none-eabi/13.2.1/../../../../arm-none-eabi/lib/thumb/v6-m/nofp/libc_nano.a(libc_a-lock.o)
                                                  /Users/dichochiramotlou/Library/Application Support/Code/User/globalStorage/bmd.stm32-for-vscode/@xpack-dev-tools/arm-none-eabi-gcc/13.2.1-1.1.1/.content/bin/../lib/gcc/arm-none-eabi/13.2.1/../../../../arm-none-eabi/lib/thumb/v6-m/nofp/libc_nano.a(libc_a-mlock.o)
__lock___sfp_recursive_mutex                      /Users/dichochiramotlou/Library/Application Support/Code/User/globalStorage/bmd.stm32-for-vscode/@xpack-dev-tools/arm-none-eabi-gcc/13.2.1-1.1.1/.content/bin/../lib/gcc/arm-none-eabi/13.2.1/../../../../arm-none-eabi/lib/thumb/v6-m/nofp/libc_nano.a(libc_a-lock.o)
                                                  /Users/dichochiramotlou/Library/Application Support/Code/User/globalStorage/bmd.stm32-for-vscode/@xpack-dev-tools/arm-none-eabi-gcc/13.2.1-1.1.1/.content/bin/../lib/gcc/arm-none-eabi/13.2.1/../../../../arm-none-eabi/lib/thumb/v6-m/nofp/libc_nano.a(libc_a-findfp.o)
__lock___tz_mutex                                 /Users/dichochiramotlou/Library/Application Support/Code/User/globalStorage/bmd.stm32-for-vscode/@xpack-dev-tools/arm-none-eabi-gcc/13.2.1-1.1.1/.content/bin/../lib/gcc/arm-none-eabi/13.2.1/../../../../arm-none-eabi/lib/thumb/v6-m/nofp/libc_nano.a(libc_a-lock.o)
__malloc_free_list                                /Users/dichochiramotlou/Library/Application Support/Code/User/globalStorage/bmd.stm32-for-vscode/@xpack-dev-tools/arm-none-eabi-gcc/13.2.1-1.1.1/.content/bin/../lib/gcc/arm-none-eabi/13.2.1/../../../../arm-none-eabi/lib/thumb/v6-m/nofp/libc_nano.a(libc_a-mallocr.o)
                                                  /Users/dichochiramotlou/Library/Application Support/Code/User/globalStorage/bmd.stm32-for-vscode/@xpack-dev-tools/arm-none-eabi-gcc/13.2.1-1.1.1/.content/bin/../lib/gcc/arm-none-eabi/13.2.1/../../../../arm-none-eabi/lib/thumb/v6-m/nofp/libc_nano.a(libc_a-freer.o)
__malloc_lock                                     /Users/dichochiramotlou/Library/Application Support/Code/User/globalStorage/bmd.stm32-for-vscode/@xpack-dev-tools/arm-none-eabi-gcc/13.2.1-1.1.1/.content/bin/../lib/gcc/arm-none-eabi/13.2.1/../../../../arm-none-eabi/lib/thumb/v6-m/nofp/libc_nano.a(libc_a-mlock.o)
                                                  /Users/dichochiramotlou/Library/Application Support/Code/User/globalStorage/bmd.stm32-for-vscode/@xpack-dev-tools/arm-none-eabi-gcc/13.2.1-1.1.1/.content/bin/../lib/gcc/arm-none-eabi/13.2.1/../../../../arm-none-eabi/lib/thumb/v6-m/nofp/libc_nano.a(libc_a-freer.o)
                                                  /Users/dichochiramotlou/Library/Application Support/Code/User/globalStorage/bmd.stm32-for-vscode/@xpack-dev-tools/arm-none-eabi-gcc/13.2.1-1.1.1/.content/bin/../lib/gcc/arm-none-eabi/13.2.1/../../../../arm-none-eabi/lib/thumb/v6-m/nofp/libc_nano.a(libc_a-mallocr.o)
__malloc_sbrk_start                               /Users/dichochiramotlou/Library/Application Support/Code/User/globalStorage/bmd.stm32-for-vscode/@xpack-dev-tools/arm-none-eabi-gcc/13.2.1-1.1.1/.content/bin/../lib/gcc/arm-none-eabi/13.2.1/../../../../arm-none-eabi/lib/thumb/v6-m/nofp/libc_nano.a(libc_a-mallocr.o)
__malloc_unlock                                   /Users/dichochiramotlou/Library/Application Support/Code/User/globalStorage/bmd.stm32-for-vscode/@xpack-dev-tools/arm-none-eabi-gcc/13.2.1-1.1.1/.content/bin/../lib/gcc/arm-none-eabi/13.2.1/../../../../arm-none-eabi/lib/thumb/v6-m/nofp/libc_nano.a(libc_a-mlock.o)
                                                  /Users/dichochiramotlou/Library/Application Support/Code/User/globalStorage/bmd.stm32-for-vscode/@xpack-dev-tools/arm-none-eabi-gcc/13.2.1-1.1.1/.content/bin/../lib/gcc/arm-none-eabi/13.2.1/../../../../arm-none-eabi/lib/thumb/v6-m/nofp/libc_nano.a(libc_a-freer.o)
                                                  /Users/dichochiramotlou/Library/Application Support/Code/User/globalStorage/bmd.stm32-for-vscode/@xpack-dev-tools/arm-none-eabi-gcc/13.2.1-1.1.1/.content/bin/../lib/gcc/arm-none-eabi/13.2.1/../../../../arm-none-eabi/lib/thumb/v6-m/nofp/libc_nano.a(libc_a-mallocr.o)
__on_exit_args                                    /Users/dichochiramotlou/Library/Application Support/Code/User/globalStorage/bmd.stm32-for-vscode/@xpack-dev-tools/arm-none-eabi-gcc/13.2.1-1.1.1/.content/bin/../lib/gcc/arm-none-eabi/13.2.1/../../../../arm-none-eabi/lib/thumb/v6-m/nofp/libc_nano.a(libc_a-__atexit.o)
__preinit_array_end                               /Users/dichochiramotlou/Library/Application Support/Code/User/globalStorage/bmd.stm32-for-vscode/@xpack-dev-tools/arm-none-eabi-gcc/13.2.1-1.1.1/.content/bin/../lib/gcc/arm-none-eabi/13.2.1/../../../../arm-none-eabi/lib/thumb/v6-m/nofp/libc_nano.a(libc_a-init.o)